******************************************************************************
             TMS320C2000 Linker PC v25.11.0                    
******************************************************************************
>> Linked Fri Aug 21 17:42:18 2026

OUTPUT FILE NAME:   <buck_diodo.out>
ENTRY POINT SYMBOL: "code_start"  address: 00000000


MEMORY CONFIGURATION

         name            origin    length      used     unused   attr    fill
----------------------  --------  ---------  --------  --------  ----  --------
PAGE 0:
  BEGIN                 00000000   00000002  00000002  00000000  RWIX
  RAMM0                 00000123   000002dd  00000036  000002a7  RWIX
  RAMLS0                00008000   00000800  0000050d  000002f3  RWIX
  RAMLS1                00008800   00000800  00000000  00000800  RWIX
  RAMLS2                00009000   00000800  00000000  00000800  RWIX
  RAMLS3                00009800   00000800  00000000  00000800  RWIX
  RAMLS4                0000a000   00000800  00000000  00000800  RWIX
  RAMD0                 0000b000   00000800  00000800  00000000  RWIX
  FLASHA                00080002   00001ffe  00000000  00001ffe  RWIX
  FLASHB                00082000   00002000  00000000  00002000  RWIX
  FLASHC                00084000   00002000  00000000  00002000  RWIX
  FLASHD                00086000   00002000  00000000  00002000  RWIX
  FLASHE                00088000   00008000  00000000  00008000  RWIX
  FLASHF                00090000   00008000  00000000  00008000  RWIX
  FLASHG                00098000   00008000  00000000  00008000  RWIX
  FLASHH                000a0000   00008000  00000000  00008000  RWIX
  FLASHI                000a8000   00008000  00000000  00008000  RWIX
  FLASHJ                000b0000   00008000  00000000  00008000  RWIX
  FLASHK                000b8000   00002000  00000000  00002000  RWIX
  FLASHL                000ba000   00002000  00000000  00002000  RWIX
  FLASHM                000bc000   00002000  00000000  00002000  RWIX
  FLASHN                000be000   00001ff0  00000000  00001ff0  RWIX
  RESET                 003fffc0   00000002  00000000  00000002  RWIX

PAGE 1:
  BOOT_RSVD             00000002   00000121  00000000  00000121  RWIX
  RAMM1                 00000400   000003f8  00000100  000002f8  RWIX
  ADCARESULT            00000b00   00000018  00000018  00000000  RWIX
  ADCBRESULT            00000b20   00000018  00000000  00000018  RWIX
  ADCCRESULT            00000b40   00000018  00000000  00000018  RWIX
  ADCDRESULT            00000b60   00000018  00000000  00000018  RWIX
  CPUTIMER0             00000c00   00000008  00000000  00000008  RWIX
  CPUTIMER1             00000c08   00000008  00000008  00000000  RWIX
  CPUTIMER2             00000c10   00000008  00000008  00000000  RWIX
  PIECTRL               00000ce0   0000001a  0000001a  00000000  RWIX
  PIEVECTTABLE          00000d00   00000200  000001c0  00000040  RWIX
  DMA                   00001000   00000200  00000000  00000200  RWIX
  CLA1                  00001400   00000080  00000000  00000080  RWIX
  CLB1LOGICCFG          00003000   00000052  00000000  00000052  RWIX
  CLB1LOGICCTRL         00003100   00000040  00000000  00000040  RWIX
  CLB1DATAEXCH          00003200   00000200  00000000  00000200  RWIX
  CLB2LOGICCFG          00003400   00000052  00000000  00000052  RWIX
  CLB2LOGICCTRL         00003500   00000040  00000000  00000040  RWIX
  CLB2DATAEXCH          00003600   00000200  00000000  00000200  RWIX
  CLB3LOGICCFG          00003800   00000052  00000000  00000052  RWIX
  CLB3LOGICCTRL         00003900   00000040  00000000  00000040  RWIX
  CLB3DATAEXCH          00003a00   00000200  00000000  00000200  RWIX
  CLB4LOGICCFG          00003c00   00000052  00000000  00000052  RWIX
  CLB4LOGICCTRL         00003d00   00000040  00000000  00000040  RWIX
  CLB4DATAEXCH          00003e00   00000200  00000000  00000200  RWIX
  EPWM1                 00004000   00000100  00000000  00000100  RWIX
  EPWM2                 00004100   00000100  00000000  00000100  RWIX
  EPWM3                 00004200   00000100  00000000  00000100  RWIX
  EPWM4                 00004300   00000100  00000100  00000000  RWIX
  EPWM5                 00004400   00000100  00000000  00000100  RWIX
  EPWM6                 00004500   00000100  00000000  00000100  RWIX
  EPWM7                 00004600   00000100  00000000  00000100  RWIX
  EPWM8                 00004700   00000100  00000000  00000100  RWIX
  EPWM9                 00004800   00000100  00000000  00000100  RWIX
  EPWM10                00004900   00000100  00000000  00000100  RWIX
  EPWM11                00004a00   00000100  00000000  00000100  RWIX
  EPWM12                00004b00   00000100  00000000  00000100  RWIX
  ECAP1                 00005000   00000020  00000000  00000020  RWIX
  ECAP2                 00005020   00000020  00000000  00000020  RWIX
  ECAP3                 00005040   00000020  00000000  00000020  RWIX
  ECAP4                 00005060   00000020  00000000  00000020  RWIX
  ECAP5                 00005080   00000020  00000000  00000020  RWIX
  ECAP6                 000050a0   00000020  00000000  00000020  RWIX
  EQEP1                 00005100   00000022  00000000  00000022  RWIX
  EQEP2                 00005140   00000022  00000000  00000022  RWIX
  EQEP3                 00005180   00000022  00000000  00000022  RWIX
  DACA                  00005c00   00000008  00000000  00000008  RWIX
  DACB                  00005c10   00000008  00000000  00000008  RWIX
  DACC                  00005c20   00000008  00000000  00000008  RWIX
  CMPSS1                00005c80   00000020  00000000  00000020  RWIX
  CMPSS2                00005ca0   00000020  00000000  00000020  RWIX
  CMPSS3                00005cc0   00000020  00000000  00000020  RWIX
  CMPSS4                00005ce0   00000020  00000000  00000020  RWIX
  CMPSS5                00005d00   00000020  00000000  00000020  RWIX
  CMPSS6                00005d20   00000020  00000000  00000020  RWIX
  CMPSS7                00005d40   00000020  00000000  00000020  RWIX
  CMPSS8                00005d60   00000020  00000000  00000020  RWIX
  SDFM1                 00005e00   00000080  00000000  00000080  RWIX
  SDFM2                 00005e80   00000080  00000000  00000080  RWIX
  MCBSPA                00006000   00000024  00000000  00000024  RWIX
  MCBSPB                00006040   00000024  00000000  00000024  RWIX
  SPIA                  00006100   00000010  00000000  00000010  RWIX
  SPIB                  00006110   00000010  00000000  00000010  RWIX
  SPIC                  00006120   00000010  00000000  00000010  RWIX
  UPP                   00006200   00000048  00000000  00000048  RWIX
  WD                    00007000   0000002b  0000002b  00000000  RWIX
  NMIINTRUPT            00007060   00000007  00000000  00000007  RWIX
  XINT                  00007070   0000000b  00000000  0000000b  RWIX
  SCIA                  00007200   00000010  00000000  00000010  RWIX
  SCIB                  00007210   00000010  00000000  00000010  RWIX
  SCIC                  00007220   00000010  00000000  00000010  RWIX
  SCID                  00007230   00000010  00000000  00000010  RWIX
  I2CA                  00007300   00000022  00000000  00000022  RWIX
  I2CB                  00007340   00000022  00000000  00000022  RWIX
  ADCA                  00007400   00000080  0000007c  00000004  RWIX
  ADCB                  00007480   00000080  00000000  00000080  RWIX
  ADCC                  00007500   00000080  00000000  00000080  RWIX
  ADCD                  00007580   00000080  00000000  00000080  RWIX
  INPUTXBAR             00007900   00000020  00000020  00000000  RWIX
  XBAR                  00007920   00000020  00000000  00000020  RWIX
  SYNCSOC               00007940   00000006  00000000  00000006  RWIX
  DMACLASRCSEL          00007980   0000001a  00000000  0000001a  RWIX
  EPWMXBAR              00007a00   00000040  00000000  00000040  RWIX
  CLBXBAR               00007a40   00000040  00000000  00000040  RWIX
  OUTPUTXBAR            00007a80   00000040  00000000  00000040  RWIX
  GPIOCTRL              00007c00   00000180  00000180  00000000  RWIX
  GPIODATA              00007f00   00000030  00000030  00000000  RWIX
  RAMLS5                0000a800   00000800  00000062  0000079e  RWIX
  RAMD1                 0000b800   00000800  00000000  00000800  RWIX
  RAMGS0                0000c000   00001000  00000000  00001000  RWIX
  RAMGS1                0000d000   00001000  00000000  00001000  RWIX
  RAMGS2                0000e000   00001000  00000000  00001000  RWIX
  RAMGS3                0000f000   00001000  00000000  00001000  RWIX
  RAMGS4                00010000   00001000  00000000  00001000  RWIX
  RAMGS5                00011000   00001000  00000000  00001000  RWIX
  RAMGS6                00012000   00001000  00000000  00001000  RWIX
  RAMGS7                00013000   00001000  00000000  00001000  RWIX
  RAMGS8                00014000   00001000  00000000  00001000  RWIX
  RAMGS9                00015000   00001000  00000000  00001000  RWIX
  RAMGS10               00016000   00001000  00000000  00001000  RWIX
  RAMGS11               00017000   00001000  00000000  00001000  RWIX
  RAMGS12               00018000   00001000  00000000  00001000  RWIX
  RAMGS13               00019000   00001000  00000000  00001000  RWIX
  RAMGS14               0001a000   00001000  00000000  00001000  RWIX
  RAMGS15               0001b000   00000ff8  00000000  00000ff8  RWIX
  CPU2TOCPU1RAM         0003f800   00000400  00000000  00000400  RWIX
  CPU1TOCPU2RAM         0003fc00   00000400  00000000  00000400  RWIX
  EMIF1                 00047000   00000070  00000000  00000070  RWIX
  EMIF2                 00047800   00000070  00000000  00000070  RWIX
  CANA                  00048000   00000200  00000000  00000200  RWIX
  CANA_MSG_RAM          00049000   00000800  00000000  00000800  RWIX
  CANB                  0004a000   00000200  00000000  00000200  RWIX
  CANB_MSG_RAM          0004b000   00000800  00000000  00000800  RWIX
  IPC                   00050000   00000024  00000000  00000024  RWIX
  FLASHPUMPSEMAPHORE    00050024   00000002  00000002  00000000  RWIX
  DEVCFG                0005d000   0000012e  0000012e  00000000  RWIX
  ANALOGSUBSYS          0005d180   00000048  0000003e  0000000a  RWIX
  CLKCFG                0005d200   00000032  00000032  00000000  RWIX
  CPUSYS                0005d300   00000082  00000082  00000000  RWIX
  ROMPREFETCH           0005e608   00000002  00000000  00000002  RWIX
  DCSMZ1                0005f000   00000024  00000022  00000002  RWIX
  DCSMZ2                0005f040   00000024  00000022  00000002  RWIX
  DCSMCOMMON            0005f070   00000008  00000000  00000008  RWIX
  MEMCFG                0005f400   00000080  00000000  00000080  RWIX
  EMIF1CONFIG           0005f480   00000020  00000000  00000020  RWIX
  EMIF2CONFIG           0005f4a0   00000020  00000000  00000020  RWIX
  ACCESSPROTECTION      0005f4c0   00000040  00000000  00000040  RWIX
  MEMORYERROR           0005f500   00000040  00000000  00000040  RWIX
  ROMWAITSTATE          0005f540   00000002  00000000  00000002  RWIX
  FLASH0CTRL            0005f800   00000182  00000000  00000182  RWIX
  FLASH0ECC             0005fb00   00000028  00000000  00000028  RWIX
  UID                   000703c0   00000010  00000000  00000010  RWIX


SECTION ALLOCATION MAP

 output                                  attributes/
section   page    origin      length       input sections
--------  ----  ----------  ----------   ----------------
codestart 
*          0    00000000    00000002     
                  00000000    00000002     F2837xD_CodeStartBranch.obj (codestart)

.cinit     0    00000124    00000036     
                  00000124    00000023     (.cinit..data.load) [load image, compression = lzss]
                  00000147    00000001     --HOLE-- [fill = 0]
                  00000148    00000006     (__TI_handler_table)
                  0000014e    00000004     (.cinit.PieVectTableFile.load) [load image, compression = zero_init]
                  00000152    00000008     (__TI_cinit_table)

.reset     0    003fffc0    00000000     DSECT

.stack     1    00000400    00000100     UNINITIALIZED
                  00000400    00000100     --HOLE--

.init_array 
*          0    00000123    00000000     UNINITIALIZED

.data      1    0000a800    0000004a     UNINITIALIZED
                  0000a800    00000040     buck_diodo_main_cpu1.obj (.data)
                  0000a840    00000006     rts2800_fpu32_eabi.lib : exit.c.obj (.data)
                  0000a846    00000002                            : _lock.c.obj (.data:_lock)
                  0000a848    00000002                            : _lock.c.obj (.data:_unlock)

.const     1    0000a84a    00000018     
                  0000a84a    00000010     buck_diodo_main_cpu1.obj (.const)
                  0000a85a    00000008     F2837xD_SysCtrl.obj (.const)

GETBUFFER 
*          0    0003f800    00000000     DSECT

GETWRITEIDX 
*          0    0003f800    00000000     DSECT

PUTREADIDX 
*          0    0003f800    00000000     DSECT

PieVectTableFile 
*          1    00000d00    000001c0     UNINITIALIZED
                  00000d00    000001c0     F2837xD_GlobalVariableDefs.obj (PieVectTableFile)

EmuKeyVar 
*          1    00000d00    00000000     UNINITIALIZED

EmuBModeVar 
*          1    00000d00    00000000     UNINITIALIZED

EmuBootPinsVar 
*          1    00000d00    00000000     UNINITIALIZED

FlashCallbackVar 
*          1    00000d00    00000000     UNINITIALIZED

FlashScalingVar 
*          1    00000d00    00000000     UNINITIALIZED

AdcaRegsFile 
*          1    00007400    0000007c     UNINITIALIZED
                  00007400    0000007c     F2837xD_GlobalVariableDefs.obj (AdcaRegsFile)

AdcaResultRegsFile 
*          1    00000b00    00000018     UNINITIALIZED
                  00000b00    00000018     F2837xD_GlobalVariableDefs.obj (AdcaResultRegsFile)

AnalogSubsysRegsFile 
*          1    0005d180    0000003e     UNINITIALIZED
                  0005d180    0000003e     F2837xD_GlobalVariableDefs.obj (AnalogSubsysRegsFile)

ClkCfgRegsFile 
*          1    0005d200    00000032     UNINITIALIZED
                  0005d200    00000032     F2837xD_GlobalVariableDefs.obj (ClkCfgRegsFile)

CpuTimer1RegsFile 
*          1    00000c08    00000008     UNINITIALIZED
                  00000c08    00000008     F2837xD_GlobalVariableDefs.obj (CpuTimer1RegsFile)

CpuTimer2RegsFile 
*          1    00000c10    00000008     UNINITIALIZED
                  00000c10    00000008     F2837xD_GlobalVariableDefs.obj (CpuTimer2RegsFile)

CpuSysRegsFile 
*          1    0005d300    00000082     UNINITIALIZED
                  0005d300    00000082     F2837xD_GlobalVariableDefs.obj (CpuSysRegsFile)

DevCfgRegsFile 
*          1    0005d000    0000012e     UNINITIALIZED
                  0005d000    0000012e     F2837xD_GlobalVariableDefs.obj (DevCfgRegsFile)

DcsmZ1RegsFile 
*          1    0005f000    00000022     UNINITIALIZED
                  0005f000    00000022     F2837xD_GlobalVariableDefs.obj (DcsmZ1RegsFile)

DcsmZ2RegsFile 
*          1    0005f040    00000022     UNINITIALIZED
                  0005f040    00000022     F2837xD_GlobalVariableDefs.obj (DcsmZ2RegsFile)

EPwm4RegsFile 
*          1    00004300    00000100     UNINITIALIZED
                  00004300    00000100     F2837xD_GlobalVariableDefs.obj (EPwm4RegsFile)

GpioCtrlRegsFile 
*          1    00007c00    00000180     UNINITIALIZED
                  00007c00    00000180     F2837xD_GlobalVariableDefs.obj (GpioCtrlRegsFile)

GpioDataRegsFile 
*          1    00007f00    00000030     UNINITIALIZED
                  00007f00    00000030     F2837xD_GlobalVariableDefs.obj (GpioDataRegsFile)

FlashPumpSemaphoreRegsFile 
*          1    00050024    00000002     UNINITIALIZED
                  00050024    00000002     F2837xD_GlobalVariableDefs.obj (FlashPumpSemaphoreRegsFile)

InputXbarRegsFile 
*          1    00007900    00000020     UNINITIALIZED
                  00007900    00000020     F2837xD_GlobalVariableDefs.obj (InputXbarRegsFile)

PieCtrlRegsFile 
*          1    00000ce0    0000001a     UNINITIALIZED
                  00000ce0    0000001a     F2837xD_GlobalVariableDefs.obj (PieCtrlRegsFile)

WdRegsFile 
*          1    00007000    0000002b     UNINITIALIZED
                  00007000    0000002b     F2837xD_GlobalVariableDefs.obj (WdRegsFile)

.text.1    0    00008000    0000050d     
                  00008000    000001d3     buck_diodo_main_cpu1.obj (.text:retain)
                  000081d3    0000009c     rts2800_fpu32_eabi.lib : fd_add28.asm.obj (.text)
                  0000826f    00000088                            : fs_div28.asm.obj (.text)
                  000082f7    00000083                            : fd_mpy28.asm.obj (.text)
                  0000837a    0000002e                            : copy_decompress_lzss.c.obj (.text:decompress:lzss)
                  000083a8    0000002b                            : autoinit.c.obj (.text:__TI_auto_init_nobinit_nopinit)
                  000083d3    0000002a     buck_diodo_main_cpu1.obj (.text)
                  000083fd    0000002a     rts2800_fpu32_eabi.lib : fd_cmp28.asm.obj (.text)
                  00008427    00000029                            : exit.c.obj (.text)
                  00008450    00000023                            : fd_tofsfpu32.asm.obj (.text)
                  00008473    00000020                            : memcpy.c.obj (.text)
                  00008493    0000001c                            : fs_tofdfpu32.asm.obj (.text)
                  000084af    00000017                            : boot28.asm.obj (.text)
                  000084c6    00000017                            : u_tofd28.asm.obj (.text)
                  000084dd    00000012                            : args_main.c.obj (.text)
                  000084ef    0000000d                            : copy_zero_init.c.obj (.text:decompress:ZI:__TI_zero_init_nomemset)
                  000084fc    00000008     F2837xD_CodeStartBranch.obj (.text)
                  00008504    00000008     rts2800_fpu32_eabi.lib : copy_decompress_none.c.obj (.text:decompress:none)
                  0000850c    00000001                            : startup.c.obj (.text)

.text.2    0    0000b000    00000800     
                  0000b000    000004bb     F2837xD_SysCtrl.obj (.text)
                  0000b4bb    00000244     F2837xD_Gpio.obj (.text)
                  0000b6ff    000000f6     Peripheral_Setup.obj (.text)
                  0000b7f5    00000009     rts2800_fpu32_eabi.lib : _lock.c.obj (.text)
                  0000b7fe    00000002                            : pre_init.c.obj (.text)

MODULE SUMMARY

       Module                           code   ro data   rw data
       ------                           ----   -------   -------
    .\
       F2837xD_GlobalVariableDefs.obj   0      0         2015   
       F2837xD_SysCtrl.obj              1211   8         0      
       buck_diodo_main_cpu1.obj         509    16        64     
       F2837xD_Gpio.obj                 580    0         0      
       Peripheral_Setup.obj             246    0         0      
    +--+--------------------------------+------+---------+---------+
       Total:                           2546   24        2079   
                                                                
    .\device\
       F2837xD_CodeStartBranch.obj      10     0         0      
    +--+--------------------------------+------+---------+---------+
       Total:                           10     0         0      
                                                                
    C:\ti\ccs2050\ccs\tools\compiler\ti-cgt-c2000_25.11.0.LTS\lib\rts2800_fpu32_eabi.lib
       fd_add28.asm.obj                 156    0         0      
       fs_div28.asm.obj                 136    0         0      
       fd_mpy28.asm.obj                 131    0         0      
       exit.c.obj                       41     0         6      
       copy_decompress_lzss.c.obj       46     0         0      
       autoinit.c.obj                   43     0         0      
       fd_cmp28.asm.obj                 42     0         0      
       fd_tofsfpu32.asm.obj             35     0         0      
       memcpy.c.obj                     32     0         0      
       fs_tofdfpu32.asm.obj             28     0         0      
       boot28.asm.obj                   23     0         0      
       u_tofd28.asm.obj                 23     0         0      
       args_main.c.obj                  18     0         0      
       _lock.c.obj                      9      0         4      
       copy_zero_init.c.obj             13     0         0      
       copy_decompress_none.c.obj       8      0         0      
       pre_init.c.obj                   2      0         0      
       startup.c.obj                    1      0         0      
    +--+--------------------------------+------+---------+---------+
       Total:                           787    0         10     
                                                                
       Stack:                           0      0         256    
       Linker Generated:                0      53        0      
    +--+--------------------------------+------+---------+---------+
       Grand Total:                     3343   77        2345   


LINKER GENERATED COPY TABLES

__TI_cinit_table @ 00000152 records: 2, size/record: 4, table size: 8
	.data: load addr=00000124, load size=00000023 bytes, run addr=0000a800, run size=0000004a bytes, compression=lzss
	PieVectTableFile: load addr=0000014e, load size=00000004 bytes, run addr=00000d00, run size=000001c0 bytes, compression=zero_init


LINKER GENERATED HANDLER TABLE

__TI_handler_table @ 00000148 records: 3, size/record: 2, table size: 6
	index: 0, handler: __TI_decompress_lzss
	index: 1, handler: __TI_decompress_none
	index: 2, handler: __TI_zero_init


GLOBAL DATA SYMBOLS: SORTED BY DATA PAGE

address     data page           name
--------    ----------------    ----
00000400      10 (00000400)     __stack

00000b00      2c (00000b00)     AdcaResultRegs

00000c08      30 (00000c00)     CpuTimer1Regs
00000c10      30 (00000c00)     CpuTimer2Regs

00000ce0      33 (00000cc0)     PieCtrlRegs

00000d00      34 (00000d00)     PieVectTable

00004300     10c (00004300)     EPwm4Regs

00007000     1c0 (00007000)     WdRegs

00007400     1d0 (00007400)     AdcaRegs

00007900     1e4 (00007900)     InputXbarRegs

00007c00     1f0 (00007c00)     GpioCtrlRegs

00007f00     1fc (00007f00)     GpioDataRegs

0000a800     2a0 (0000a800)     adc_sample
0000a801     2a0 (0000a800)     adc_sample1
0000a802     2a0 (0000a800)     adc_sample2
0000a803     2a0 (0000a800)     malha
0000a804     2a0 (0000a800)     malha_anterior
0000a806     2a0 (0000a800)     count
0000a808     2a0 (0000a800)     il
0000a80a     2a0 (0000a800)     vo
0000a80c     2a0 (0000a800)     f
0000a80e     2a0 (0000a800)     Kp_IL
0000a810     2a0 (0000a800)     Ki_IL
0000a812     2a0 (0000a800)     Kp_Vo
0000a814     2a0 (0000a800)     Ki_Vo
0000a816     2a0 (0000a800)     Umin_IL
0000a818     2a0 (0000a800)     Umax_IL
0000a81a     2a0 (0000a800)     v1_IL
0000a81c     2a0 (0000a800)     uIk1_IL
0000a81e     2a0 (0000a800)     uIk_IL
0000a820     2a0 (0000a800)     w1_IL
0000a822     2a0 (0000a800)     uP_IL
0000a824     2a0 (0000a800)     ek_IL
0000a826     2a0 (0000a800)     U_IL
0000a828     2a0 (0000a800)     Umin_Vo
0000a82a     2a0 (0000a800)     Umax_Vo
0000a82c     2a0 (0000a800)     v1_Vo
0000a82e     2a0 (0000a800)     uIk1_Vo
0000a830     2a0 (0000a800)     uIk_Vo
0000a832     2a0 (0000a800)     w1_Vo
0000a834     2a0 (0000a800)     uP_Vo
0000a836     2a0 (0000a800)     ek_Vo
0000a838     2a0 (0000a800)     U_Vo
0000a83a     2a0 (0000a800)     U
0000a83c     2a0 (0000a800)     V_ref
0000a83e     2a0 (0000a800)     I_ref

0000a840     2a1 (0000a840)     __TI_enable_exit_profile_output
0000a842     2a1 (0000a840)     __TI_cleanup_ptr
0000a844     2a1 (0000a840)     __TI_dtors_ptr
0000a846     2a1 (0000a840)     _lock
0000a848     2a1 (0000a840)     _unlock

00050024    1400 (00050000)     FlashPumpSemaphoreRegs

0005d000    1740 (0005d000)     DevCfgRegs

0005d180    1746 (0005d180)     AnalogSubsysRegs

0005d200    1748 (0005d200)     ClkCfgRegs

0005d300    174c (0005d300)     CpuSysRegs

0005f000    17c0 (0005f000)     DcsmZ1Regs

0005f040    17c1 (0005f040)     DcsmZ2Regs


GLOBAL SYMBOLS: SORTED ALPHABETICALLY BY Name 

page  address   name                                 
----  -------   ----                                 
n/a   UNDEFED   AdcSetMode                           
1     00007400  AdcaRegs                             
1     00000b00  AdcaResultRegs                       
1     0005d180  AnalogSubsysRegs                     
0     0000b44a  AuxAuxClkSel                         
0     0000b434  AuxIntOsc2Sel                        
0     0000b43e  AuxXtalOscSel                        
0     00008427  C$$EXIT                              
1     0005d200  ClkCfgRegs                           
0     0000b49e  ConfigureTMXAnalogTrim               
1     0005d300  CpuSysRegs                           
1     00000c08  CpuTimer1Regs                        
1     00000c10  CpuTimer2Regs                        
0     0000b3df  CsmUnlock                            
1     0005f000  DcsmZ1Regs                           
1     0005f040  DcsmZ2Regs                           
1     0005d000  DevCfgRegs                           
0     0000b0e3  DisableDog                           
0     0000b0a4  DisablePeripheralClocks              
1     00004300  EPwm4Regs                            
1     00050024  FlashPumpSemaphoreRegs               
0     0000b6b4  GPIO_EnableUnbondedIOPullups         
0     0000b68f  GPIO_EnableUnbondedIOPullupsFor100Pin
0     0000b676  GPIO_EnableUnbondedIOPullupsFor176Pin
0     0000b6ca  GPIO_ReadPin                         
0     0000b61b  GPIO_SetupLock                       
0     0000b4fb  GPIO_SetupPinMux                     
0     0000b587  GPIO_SetupPinOptions                 
0     0000b644  GPIO_SetupXINT1Gpio                  
0     0000b64e  GPIO_SetupXINT2Gpio                  
0     0000b658  GPIO_SetupXINT3Gpio                  
0     0000b662  GPIO_SetupXINT4Gpio                  
0     0000b66c  GPIO_SetupXINT5Gpio                  
0     0000b6e1  GPIO_WritePin                        
1     00007c00  GpioCtrlRegs                         
1     00007f00  GpioDataRegs                         
0     0000b468  HALT                                 
0     0000b481  HIB                                  
0     0000b454  IDLE                                 
1     0000a83e  I_ref                                
0     0000b2f0  InitAuxPll                           
0     0000b4bb  InitGpio                             
0     0000b020  InitPeripheralClocks                 
n/a   UNDEFED   InitPieCtrl                          
n/a   UNDEFED   InitPieVectTable                     
0     0000b000  InitSysCtrl                          
0     0000b0f1  InitSysPll                           
1     00007900  InputXbarRegs                        
1     0000a810  Ki_IL                                
1     0000a814  Ki_Vo                                
1     0000a80e  Kp_IL                                
1     0000a812  Kp_Vo                                
1     00000ce0  PieCtrlRegs                          
1     00000d00  PieVectTable                         
0     0000b0cb  ReleaseFlashPump                     
0     0000b45d  STANDBY                              
0     0000b0bc  SeizeFlashPump                       
0     0000b0d5  ServiceDog                           
0     0000b798  Setup_ADC                            
0     0000b6ff  Setup_GPIO                           
0     0000b71f  Setup_PWM1                           
0     0000b400  SysIntOsc1Sel                        
0     0000b410  SysIntOsc2Sel                        
0     0000b424  SysXtalOscSel                        
1     0000a83a  U                                    
1     0000a826  U_IL                                 
1     0000a838  U_Vo                                 
1     0000a818  Umax_IL                              
1     0000a82a  Umax_Vo                              
1     0000a816  Umin_IL                              
1     0000a828  Umin_Vo                              
1     0000a83c  V_ref                                
1     00007000  WdRegs                               
0     00000152  __TI_CINIT_Base                      
0     0000015a  __TI_CINIT_Limit                     
0     0000015a  __TI_CINIT_Warm                      
0     00000148  __TI_Handler_Table_Base              
0     0000014e  __TI_Handler_Table_Limit             
1     00000500  __TI_STACK_END                       
abs   00000100  __TI_STACK_SIZE                      
0     000083a8  __TI_auto_init_nobinit_nopinit       
1     0000a842  __TI_cleanup_ptr                     
0     0000837a  __TI_decompress_lzss                 
0     00008504  __TI_decompress_none                 
1     0000a844  __TI_dtors_ptr                       
1     0000a840  __TI_enable_exit_profile_output      
abs   ffffffff  __TI_pprof_out_hndl                  
abs   ffffffff  __TI_prof_data_size                  
abs   ffffffff  __TI_prof_data_start                 
0     000084ef  __TI_zero_init_nomemset              
0     000081d3  __c28xabi_addd                       
0     000083fd  __c28xabi_cmpd                       
0     0000826f  __c28xabi_divf                       
0     00008450  __c28xabi_dtof                       
0     00008493  __c28xabi_ftod                       
0     000082f7  __c28xabi_mpyd                       
0     000084c6  __c28xabi_utod                       
abs   ffffffff  __c_args__                           
1     00000400  __stack                              
0     000084dd  _args_main                           
0     000084af  _c_int00                             
1     0000a846  _lock                                
0     0000b7fd  _nop                                 
0     0000b7f9  _register_lock                       
0     0000b7f5  _register_unlock                     
0     0000850c  _system_post_cinit                   
0     0000b7fe  _system_pre_init                     
1     0000a848  _unlock                              
0     00008427  abort                                
1     0000a800  adc_sample                           
1     0000a801  adc_sample1                          
1     0000a802  adc_sample2                          
0     00000000  code_start                           
1     0000a806  count                                
1     0000a824  ek_IL                                
1     0000a836  ek_Vo                                
0     00008429  exit                                 
1     0000a80c  f                                    
1     0000a808  il                                   
0     00008000  isr_adc                              
0     000083d3  main                                 
1     0000a803  malha                                
1     0000a804  malha_anterior                       
0     00008473  memcpy                               
1     0000a81c  uIk1_IL                              
1     0000a82e  uIk1_Vo                              
1     0000a81e  uIk_IL                               
1     0000a830  uIk_Vo                               
1     0000a822  uP_IL                                
1     0000a834  uP_Vo                                
1     0000a81a  v1_IL                                
1     0000a82c  v1_Vo                                
1     0000a80a  vo                                   
1     0000a820  w1_IL                                
1     0000a832  w1_Vo                                


GLOBAL SYMBOLS: SORTED BY Symbol Address 

page  address   name                                 
----  -------   ----                                 
0     00000000  code_start                           
0     00000148  __TI_Handler_Table_Base              
0     0000014e  __TI_Handler_Table_Limit             
0     00000152  __TI_CINIT_Base                      
0     0000015a  __TI_CINIT_Limit                     
0     0000015a  __TI_CINIT_Warm                      
0     00008000  isr_adc                              
0     000081d3  __c28xabi_addd                       
0     0000826f  __c28xabi_divf                       
0     000082f7  __c28xabi_mpyd                       
0     0000837a  __TI_decompress_lzss                 
0     000083a8  __TI_auto_init_nobinit_nopinit       
0     000083d3  main                                 
0     000083fd  __c28xabi_cmpd                       
0     00008427  C$$EXIT                              
0     00008427  abort                                
0     00008429  exit                                 
0     00008450  __c28xabi_dtof                       
0     00008473  memcpy                               
0     00008493  __c28xabi_ftod                       
0     000084af  _c_int00                             
0     000084c6  __c28xabi_utod                       
0     000084dd  _args_main                           
0     000084ef  __TI_zero_init_nomemset              
0     00008504  __TI_decompress_none                 
0     0000850c  _system_post_cinit                   
0     0000b000  InitSysCtrl                          
0     0000b020  InitPeripheralClocks                 
0     0000b0a4  DisablePeripheralClocks              
0     0000b0bc  SeizeFlashPump                       
0     0000b0cb  ReleaseFlashPump                     
0     0000b0d5  ServiceDog                           
0     0000b0e3  DisableDog                           
0     0000b0f1  InitSysPll                           
0     0000b2f0  InitAuxPll                           
0     0000b3df  CsmUnlock                            
0     0000b400  SysIntOsc1Sel                        
0     0000b410  SysIntOsc2Sel                        
0     0000b424  SysXtalOscSel                        
0     0000b434  AuxIntOsc2Sel                        
0     0000b43e  AuxXtalOscSel                        
0     0000b44a  AuxAuxClkSel                         
0     0000b454  IDLE                                 
0     0000b45d  STANDBY                              
0     0000b468  HALT                                 
0     0000b481  HIB                                  
0     0000b49e  ConfigureTMXAnalogTrim               
0     0000b4bb  InitGpio                             
0     0000b4fb  GPIO_SetupPinMux                     
0     0000b587  GPIO_SetupPinOptions                 
0     0000b61b  GPIO_SetupLock                       
0     0000b644  GPIO_SetupXINT1Gpio                  
0     0000b64e  GPIO_SetupXINT2Gpio                  
0     0000b658  GPIO_SetupXINT3Gpio                  
0     0000b662  GPIO_SetupXINT4Gpio                  
0     0000b66c  GPIO_SetupXINT5Gpio                  
0     0000b676  GPIO_EnableUnbondedIOPullupsFor176Pin
0     0000b68f  GPIO_EnableUnbondedIOPullupsFor100Pin
0     0000b6b4  GPIO_EnableUnbondedIOPullups         
0     0000b6ca  GPIO_ReadPin                         
0     0000b6e1  GPIO_WritePin                        
0     0000b6ff  Setup_GPIO                           
0     0000b71f  Setup_PWM1                           
0     0000b798  Setup_ADC                            
0     0000b7f5  _register_unlock                     
0     0000b7f9  _register_lock                       
0     0000b7fd  _nop                                 
0     0000b7fe  _system_pre_init                     
1     00000400  __stack                              
1     00000500  __TI_STACK_END                       
1     00000b00  AdcaResultRegs                       
1     00000c08  CpuTimer1Regs                        
1     00000c10  CpuTimer2Regs                        
1     00000ce0  PieCtrlRegs                          
1     00000d00  PieVectTable                         
1     00004300  EPwm4Regs                            
1     00007000  WdRegs                               
1     00007400  AdcaRegs                             
1     00007900  InputXbarRegs                        
1     00007c00  GpioCtrlRegs                         
1     00007f00  GpioDataRegs                         
1     0000a800  adc_sample                           
1     0000a801  adc_sample1                          
1     0000a802  adc_sample2                          
1     0000a803  malha                                
1     0000a804  malha_anterior                       
1     0000a806  count                                
1     0000a808  il                                   
1     0000a80a  vo                                   
1     0000a80c  f                                    
1     0000a80e  Kp_IL                                
1     0000a810  Ki_IL                                
1     0000a812  Kp_Vo                                
1     0000a814  Ki_Vo                                
1     0000a816  Umin_IL                              
1     0000a818  Umax_IL                              
1     0000a81a  v1_IL                                
1     0000a81c  uIk1_IL                              
1     0000a81e  uIk_IL                               
1     0000a820  w1_IL                                
1     0000a822  uP_IL                                
1     0000a824  ek_IL                                
1     0000a826  U_IL                                 
1     0000a828  Umin_Vo                              
1     0000a82a  Umax_Vo                              
1     0000a82c  v1_Vo                                
1     0000a82e  uIk1_Vo                              
1     0000a830  uIk_Vo                               
1     0000a832  w1_Vo                                
1     0000a834  uP_Vo                                
1     0000a836  ek_Vo                                
1     0000a838  U_Vo                                 
1     0000a83a  U                                    
1     0000a83c  V_ref                                
1     0000a83e  I_ref                                
1     0000a840  __TI_enable_exit_profile_output      
1     0000a842  __TI_cleanup_ptr                     
1     0000a844  __TI_dtors_ptr                       
1     0000a846  _lock                                
1     0000a848  _unlock                              
1     00050024  FlashPumpSemaphoreRegs               
1     0005d000  DevCfgRegs                           
1     0005d180  AnalogSubsysRegs                     
1     0005d200  ClkCfgRegs                           
1     0005d300  CpuSysRegs                           
1     0005f000  DcsmZ1Regs                           
1     0005f040  DcsmZ2Regs                           
abs   00000100  __TI_STACK_SIZE                      
abs   ffffffff  __TI_pprof_out_hndl                  
abs   ffffffff  __TI_prof_data_size                  
abs   ffffffff  __TI_prof_data_start                 
abs   ffffffff  __c_args__                           
n/a   UNDEFED   AdcSetMode                           
n/a   UNDEFED   InitPieCtrl                          
n/a   UNDEFED   InitPieVectTable                     

[135 symbols]
