<?xml version="1.0" encoding="ISO-8859-1" ?>
<link_info>
   <banner>TMS320C2000 Linker PC v25.11.0.LTS</banner>
   <copyright>Copyright (c) 1996-2018 Texas Instruments Incorporated</copyright>
   <command_line>C:\ti\ccs2050\ccs\tools\compiler\ti-cgt-c2000_25.11.0.LTS\bin\lnk2000.exe -lC:\\Users\\leona\\AppData\\Local\\Temp\\{E2AD81CD-22E1-4A16-86FD-F3FA6ABDA956}</command_line>
   <link_time>0x6a88b82a</link_time>
   <link_errors>0x1</link_errors>
   <output_file>C:\dsp\buck_diodo\CPU1_RAM\buck_diodo.out</output_file>
   <entry_point>
      <name>code_start</name>
      <address>0x0</address>
   </entry_point>
   <input_file_list>
      <input_file id="fl-2">
         <path>C:\dsp\buck_diodo\CPU1_RAM\.\</path>
         <kind>object</kind>
         <file>F2837xD_EPwm.obj</file>
         <name>F2837xD_EPwm.obj</name>
      </input_file>
      <input_file id="fl-3">
         <path>C:\dsp\buck_diodo\CPU1_RAM\.\</path>
         <kind>object</kind>
         <file>F2837xD_GlobalVariableDefs.obj</file>
         <name>F2837xD_GlobalVariableDefs.obj</name>
      </input_file>
      <input_file id="fl-4">
         <path>C:\dsp\buck_diodo\CPU1_RAM\.\</path>
         <kind>object</kind>
         <file>F2837xD_Gpio.obj</file>
         <name>F2837xD_Gpio.obj</name>
      </input_file>
      <input_file id="fl-5">
         <path>C:\dsp\buck_diodo\CPU1_RAM\.\</path>
         <kind>object</kind>
         <file>F2837xD_SysCtrl.obj</file>
         <name>F2837xD_SysCtrl.obj</name>
      </input_file>
      <input_file id="fl-6">
         <path>C:\dsp\buck_diodo\CPU1_RAM\.\</path>
         <kind>object</kind>
         <file>F2837xD_usDelay.obj</file>
         <name>F2837xD_usDelay.obj</name>
      </input_file>
      <input_file id="fl-7">
         <path>C:\dsp\buck_diodo\CPU1_RAM\.\</path>
         <kind>object</kind>
         <file>Peripheral_Setup.obj</file>
         <name>Peripheral_Setup.obj</name>
      </input_file>
      <input_file id="fl-8">
         <path>C:\dsp\buck_diodo\CPU1_RAM\.\</path>
         <kind>object</kind>
         <file>buck_diodo_main_cpu1.obj</file>
         <name>buck_diodo_main_cpu1.obj</name>
      </input_file>
      <input_file id="fl-9">
         <path>C:\dsp\buck_diodo\CPU1_RAM\.\device\</path>
         <kind>object</kind>
         <file>F2837xD_CodeStartBranch.obj</file>
         <name>F2837xD_CodeStartBranch.obj</name>
      </input_file>
      <input_file id="fl-a">
         <path>C:\dsp\buck_diodo\CPU1_RAM\.\device\</path>
         <kind>object</kind>
         <file>device.obj</file>
         <name>device.obj</name>
      </input_file>
      <input_file id="fl-10">
         <path>C:\dsp\buck_diodo\CPU1_RAM\</path>
         <kind>object</kind>
         <file>&lt;internal&gt;</file>
         <name>&lt;internal&gt;</name>
      </input_file>
      <input_file id="fl-14">
         <path>C:\ti\C2000Ware_26_00_00_00\driverlib\f2837xd\driverlib\ccs\Debug\</path>
         <kind>archive</kind>
         <file>driverlib_eabi.lib</file>
         <name>gpio.obj</name>
      </input_file>
      <input_file id="fl-15">
         <path>C:\ti\C2000Ware_26_00_00_00\driverlib\f2837xd\driverlib\ccs\Debug\</path>
         <kind>archive</kind>
         <file>driverlib_eabi.lib</file>
         <name>sysctl.obj</name>
      </input_file>
      <input_file id="fl-21">
         <path>C:\ti\ccs2050\ccs\tools\compiler\ti-cgt-c2000_25.11.0.LTS\lib\</path>
         <kind>archive</kind>
         <file>rts2800_fpu32_eabi.lib</file>
         <name>boot28.asm.obj</name>
      </input_file>
      <input_file id="fl-22">
         <path>C:\ti\ccs2050\ccs\tools\compiler\ti-cgt-c2000_25.11.0.LTS\lib\</path>
         <kind>archive</kind>
         <file>rts2800_fpu32_eabi.lib</file>
         <name>fd_add28.asm.obj</name>
      </input_file>
      <input_file id="fl-23">
         <path>C:\ti\ccs2050\ccs\tools\compiler\ti-cgt-c2000_25.11.0.LTS\lib\</path>
         <kind>archive</kind>
         <file>rts2800_fpu32_eabi.lib</file>
         <name>fd_cmp28.asm.obj</name>
      </input_file>
      <input_file id="fl-24">
         <path>C:\ti\ccs2050\ccs\tools\compiler\ti-cgt-c2000_25.11.0.LTS\lib\</path>
         <kind>archive</kind>
         <file>rts2800_fpu32_eabi.lib</file>
         <name>fd_mpy28.asm.obj</name>
      </input_file>
      <input_file id="fl-25">
         <path>C:\ti\ccs2050\ccs\tools\compiler\ti-cgt-c2000_25.11.0.LTS\lib\</path>
         <kind>archive</kind>
         <file>rts2800_fpu32_eabi.lib</file>
         <name>fs_div28.asm.obj</name>
      </input_file>
      <input_file id="fl-26">
         <path>C:\ti\ccs2050\ccs\tools\compiler\ti-cgt-c2000_25.11.0.LTS\lib\</path>
         <kind>archive</kind>
         <file>rts2800_fpu32_eabi.lib</file>
         <name>ll_cmp28.asm.obj</name>
      </input_file>
      <input_file id="fl-27">
         <path>C:\ti\ccs2050\ccs\tools\compiler\ti-cgt-c2000_25.11.0.LTS\lib\</path>
         <kind>archive</kind>
         <file>rts2800_fpu32_eabi.lib</file>
         <name>u_tofd28.asm.obj</name>
      </input_file>
      <input_file id="fl-28">
         <path>C:\ti\ccs2050\ccs\tools\compiler\ti-cgt-c2000_25.11.0.LTS\lib\</path>
         <kind>archive</kind>
         <file>rts2800_fpu32_eabi.lib</file>
         <name>fs_tofdfpu32.asm.obj</name>
      </input_file>
      <input_file id="fl-29">
         <path>C:\ti\ccs2050\ccs\tools\compiler\ti-cgt-c2000_25.11.0.LTS\lib\</path>
         <kind>archive</kind>
         <file>rts2800_fpu32_eabi.lib</file>
         <name>fd_tofsfpu32.asm.obj</name>
      </input_file>
      <input_file id="fl-2a">
         <path>C:\ti\ccs2050\ccs\tools\compiler\ti-cgt-c2000_25.11.0.LTS\lib\</path>
         <kind>archive</kind>
         <file>rts2800_fpu32_eabi.lib</file>
         <name>pre_init.c.obj</name>
      </input_file>
      <input_file id="fl-2b">
         <path>C:\ti\ccs2050\ccs\tools\compiler\ti-cgt-c2000_25.11.0.LTS\lib\</path>
         <kind>archive</kind>
         <file>rts2800_fpu32_eabi.lib</file>
         <name>autoinit.c.obj</name>
      </input_file>
      <input_file id="fl-2c">
         <path>C:\ti\ccs2050\ccs\tools\compiler\ti-cgt-c2000_25.11.0.LTS\lib\</path>
         <kind>archive</kind>
         <file>rts2800_fpu32_eabi.lib</file>
         <name>copy_zero_init.c.obj</name>
      </input_file>
      <input_file id="fl-2d">
         <path>C:\ti\ccs2050\ccs\tools\compiler\ti-cgt-c2000_25.11.0.LTS\lib\</path>
         <kind>archive</kind>
         <file>rts2800_fpu32_eabi.lib</file>
         <name>copy_decompress_none.c.obj</name>
      </input_file>
      <input_file id="fl-2e">
         <path>C:\ti\ccs2050\ccs\tools\compiler\ti-cgt-c2000_25.11.0.LTS\lib\</path>
         <kind>archive</kind>
         <file>rts2800_fpu32_eabi.lib</file>
         <name>copy_decompress_lzss.c.obj</name>
      </input_file>
      <input_file id="fl-2f">
         <path>C:\ti\ccs2050\ccs\tools\compiler\ti-cgt-c2000_25.11.0.LTS\lib\</path>
         <kind>archive</kind>
         <file>rts2800_fpu32_eabi.lib</file>
         <name>exit.c.obj</name>
      </input_file>
      <input_file id="fl-30">
         <path>C:\ti\ccs2050\ccs\tools\compiler\ti-cgt-c2000_25.11.0.LTS\lib\</path>
         <kind>archive</kind>
         <file>rts2800_fpu32_eabi.lib</file>
         <name>_lock.c.obj</name>
      </input_file>
      <input_file id="fl-31">
         <path>C:\ti\ccs2050\ccs\tools\compiler\ti-cgt-c2000_25.11.0.LTS\lib\</path>
         <kind>archive</kind>
         <file>rts2800_fpu32_eabi.lib</file>
         <name>args_main.c.obj</name>
      </input_file>
      <input_file id="fl-32">
         <path>C:\ti\ccs2050\ccs\tools\compiler\ti-cgt-c2000_25.11.0.LTS\lib\</path>
         <kind>archive</kind>
         <file>rts2800_fpu32_eabi.lib</file>
         <name>memset.c.obj</name>
      </input_file>
      <input_file id="fl-33">
         <path>C:\ti\ccs2050\ccs\tools\compiler\ti-cgt-c2000_25.11.0.LTS\lib\</path>
         <kind>archive</kind>
         <file>rts2800_fpu32_eabi.lib</file>
         <name>cpy_tbl.c.obj</name>
      </input_file>
      <input_file id="fl-34">
         <path>C:\ti\ccs2050\ccs\tools\compiler\ti-cgt-c2000_25.11.0.LTS\lib\</path>
         <kind>archive</kind>
         <file>rts2800_fpu32_eabi.lib</file>
         <name>memcpy.c.obj</name>
      </input_file>
      <input_file id="fl-35">
         <path>C:\ti\ccs2050\ccs\tools\compiler\ti-cgt-c2000_25.11.0.LTS\lib\</path>
         <kind>archive</kind>
         <file>rts2800_fpu32_eabi.lib</file>
         <name>startup.c.obj</name>
      </input_file>
   </input_file_list>
   <object_component_list>
      <object_component id="oc-a0">
         <name>codestart</name>
         <load_address>0x0</load_address>
         <readonly>true</readonly>
         <executable>true</executable>
         <run_address>0x0</run_address>
         <size>0x2</size>
         <alignment>0x1</alignment>
         <input_file_ref idref="fl-9"/>
      </object_component>
      <object_component id="oc-a5">
         <name>.text:retain</name>
         <load_address>0x8000</load_address>
         <readonly>true</readonly>
         <executable>true</executable>
         <run_address>0x8000</run_address>
         <size>0x1d3</size>
         <alignment>0x1</alignment>
         <input_file_ref idref="fl-8"/>
      </object_component>
      <object_component id="oc-eb">
         <name>.text</name>
         <load_address>0x81d3</load_address>
         <readonly>true</readonly>
         <executable>true</executable>
         <run_address>0x81d3</run_address>
         <size>0x9c</size>
         <alignment>0x1</alignment>
         <input_file_ref idref="fl-22"/>
      </object_component>
      <object_component id="oc-138">
         <name>.text</name>
         <load_address>0x826f</load_address>
         <readonly>true</readonly>
         <executable>true</executable>
         <run_address>0x826f</run_address>
         <size>0x88</size>
         <alignment>0x1</alignment>
         <input_file_ref idref="fl-25"/>
      </object_component>
      <object_component id="oc-e6">
         <name>.text</name>
         <load_address>0x82f7</load_address>
         <readonly>true</readonly>
         <executable>true</executable>
         <run_address>0x82f7</run_address>
         <size>0x83</size>
         <alignment>0x1</alignment>
         <input_file_ref idref="fl-24"/>
      </object_component>
      <object_component id="oc-93">
         <name>.text:decompress:lzss</name>
         <load_address>0x837a</load_address>
         <readonly>true</readonly>
         <executable>true</executable>
         <run_address>0x837a</run_address>
         <size>0x2e</size>
         <alignment>0x1</alignment>
         <input_file_ref idref="fl-2e"/>
      </object_component>
      <object_component id="oc-1b7">
         <name>.text:__TI_auto_init_nobinit_nopinit</name>
         <load_address>0x83a8</load_address>
         <readonly>true</readonly>
         <executable>true</executable>
         <run_address>0x83a8</run_address>
         <size>0x2b</size>
         <alignment>0x1</alignment>
         <input_file_ref idref="fl-2b"/>
      </object_component>
      <object_component id="oc-a6">
         <name>.text</name>
         <load_address>0x83d3</load_address>
         <readonly>true</readonly>
         <executable>true</executable>
         <run_address>0x83d3</run_address>
         <size>0x2a</size>
         <alignment>0x1</alignment>
         <input_file_ref idref="fl-8"/>
      </object_component>
      <object_component id="oc-143">
         <name>.text</name>
         <load_address>0x83fd</load_address>
         <readonly>true</readonly>
         <executable>true</executable>
         <run_address>0x83fd</run_address>
         <size>0x2a</size>
         <alignment>0x1</alignment>
         <input_file_ref idref="fl-23"/>
      </object_component>
      <object_component id="oc-186">
         <name>.text</name>
         <load_address>0x8427</load_address>
         <readonly>true</readonly>
         <executable>true</executable>
         <run_address>0x8427</run_address>
         <size>0x29</size>
         <alignment>0x1</alignment>
         <input_file_ref idref="fl-2f"/>
      </object_component>
      <object_component id="oc-f0">
         <name>.text</name>
         <load_address>0x8450</load_address>
         <readonly>true</readonly>
         <executable>true</executable>
         <run_address>0x8450</run_address>
         <size>0x23</size>
         <alignment>0x1</alignment>
         <input_file_ref idref="fl-29"/>
      </object_component>
      <object_component id="oc-b4">
         <name>.text</name>
         <load_address>0x8473</load_address>
         <readonly>true</readonly>
         <executable>true</executable>
         <run_address>0x8473</run_address>
         <size>0x20</size>
         <alignment>0x1</alignment>
         <input_file_ref idref="fl-34"/>
      </object_component>
      <object_component id="oc-13d">
         <name>.text</name>
         <load_address>0x8493</load_address>
         <readonly>true</readonly>
         <executable>true</executable>
         <run_address>0x8493</run_address>
         <size>0x1c</size>
         <alignment>0x1</alignment>
         <input_file_ref idref="fl-28"/>
      </object_component>
      <object_component id="oc-11b">
         <name>.text</name>
         <load_address>0x84af</load_address>
         <readonly>true</readonly>
         <executable>true</executable>
         <run_address>0x84af</run_address>
         <size>0x17</size>
         <alignment>0x1</alignment>
         <input_file_ref idref="fl-21"/>
      </object_component>
      <object_component id="oc-e0">
         <name>.text</name>
         <load_address>0x84c6</load_address>
         <readonly>true</readonly>
         <executable>true</executable>
         <run_address>0x84c6</run_address>
         <size>0x17</size>
         <alignment>0x1</alignment>
         <input_file_ref idref="fl-27"/>
      </object_component>
      <object_component id="oc-180">
         <name>.text</name>
         <load_address>0x84dd</load_address>
         <readonly>true</readonly>
         <executable>true</executable>
         <run_address>0x84dd</run_address>
         <size>0x12</size>
         <alignment>0x1</alignment>
         <input_file_ref idref="fl-31"/>
      </object_component>
      <object_component id="oc-bc">
         <name>.text:decompress:ZI:__TI_zero_init_nomemset</name>
         <load_address>0x84ef</load_address>
         <readonly>true</readonly>
         <executable>true</executable>
         <run_address>0x84ef</run_address>
         <size>0xd</size>
         <alignment>0x1</alignment>
         <input_file_ref idref="fl-2c"/>
      </object_component>
      <object_component id="oc-c8">
         <name>.text</name>
         <load_address>0x84fc</load_address>
         <readonly>true</readonly>
         <executable>true</executable>
         <run_address>0x84fc</run_address>
         <size>0x8</size>
         <alignment>0x1</alignment>
         <input_file_ref idref="fl-9"/>
      </object_component>
      <object_component id="oc-99">
         <name>.text:decompress:none</name>
         <load_address>0x8504</load_address>
         <readonly>true</readonly>
         <executable>true</executable>
         <run_address>0x8504</run_address>
         <size>0x8</size>
         <alignment>0x1</alignment>
         <input_file_ref idref="fl-2d"/>
      </object_component>
      <object_component id="oc-1f9">
         <name>.text</name>
         <load_address>0x850c</load_address>
         <readonly>true</readonly>
         <executable>true</executable>
         <run_address>0x850c</run_address>
         <size>0x1</size>
         <alignment>0x1</alignment>
         <input_file_ref idref="fl-35"/>
      </object_component>
      <object_component id="oc-f5">
         <name>.text</name>
         <load_address>0xb000</load_address>
         <readonly>true</readonly>
         <executable>true</executable>
         <run_address>0xb000</run_address>
         <size>0x4bb</size>
         <alignment>0x1</alignment>
         <input_file_ref idref="fl-5"/>
      </object_component>
      <object_component id="oc-132">
         <name>.text</name>
         <load_address>0xb4bb</load_address>
         <readonly>true</readonly>
         <executable>true</executable>
         <run_address>0xb4bb</run_address>
         <size>0x244</size>
         <alignment>0x1</alignment>
         <input_file_ref idref="fl-4"/>
      </object_component>
      <object_component id="oc-fb">
         <name>.text</name>
         <load_address>0xb6ff</load_address>
         <readonly>true</readonly>
         <executable>true</executable>
         <run_address>0xb6ff</run_address>
         <size>0xf6</size>
         <alignment>0x1</alignment>
         <input_file_ref idref="fl-7"/>
      </object_component>
      <object_component id="oc-213">
         <name>.text</name>
         <load_address>0xb7f5</load_address>
         <readonly>true</readonly>
         <executable>true</executable>
         <run_address>0xb7f5</run_address>
         <size>0x9</size>
         <alignment>0x1</alignment>
         <input_file_ref idref="fl-30"/>
      </object_component>
      <object_component id="oc-179">
         <name>.text</name>
         <load_address>0xb7fe</load_address>
         <readonly>true</readonly>
         <executable>true</executable>
         <run_address>0xb7fe</run_address>
         <size>0x2</size>
         <alignment>0x1</alignment>
         <input_file_ref idref="fl-2a"/>
      </object_component>
      <object_component id="oc-2d9">
         <name>.cinit..data.load</name>
         <load_address>0x124</load_address>
         <readonly>true</readonly>
         <run_address>0x124</run_address>
         <size>0x23</size>
         <alignment>0x1</alignment>
      </object_component>
      <object_component id="oc-2d7">
         <name>__TI_handler_table</name>
         <load_address>0x148</load_address>
         <readonly>true</readonly>
         <run_address>0x148</run_address>
         <size>0x6</size>
         <alignment>0x2</alignment>
      </object_component>
      <object_component id="oc-2da">
         <name>.cinit.PieVectTableFile.load</name>
         <load_address>0x14e</load_address>
         <readonly>true</readonly>
         <run_address>0x14e</run_address>
         <size>0x4</size>
         <alignment>0x2</alignment>
      </object_component>
      <object_component id="oc-2d8">
         <name>__TI_cinit_table</name>
         <load_address>0x152</load_address>
         <readonly>true</readonly>
         <run_address>0x152</run_address>
         <size>0x8</size>
         <alignment>0x2</alignment>
      </object_component>
      <object_component id="oc-b1">
         <name>.stack</name>
         <uninitialized>true</uninitialized>
         <readwrite>true</readwrite>
         <run_address>0x400</run_address>
         <size>0x0</size>
         <alignment>0x1</alignment>
         <input_file_ref idref="fl-21"/>
      </object_component>
      <object_component id="oc-2db">
         <name>.stack</name>
         <uninitialized>true</uninitialized>
         <readwrite>true</readwrite>
         <run_address>0x400</run_address>
         <size>0x0</size>
         <alignment>0x2</alignment>
      </object_component>
      <object_component id="oc-e5">
         <name>.const</name>
         <load_address>0xa84a</load_address>
         <readonly>true</readonly>
         <run_address>0xa84a</run_address>
         <size>0x10</size>
         <alignment>0x2</alignment>
         <input_file_ref idref="fl-8"/>
      </object_component>
      <object_component id="oc-142">
         <name>.const</name>
         <load_address>0xa85a</load_address>
         <readonly>true</readonly>
         <run_address>0xa85a</run_address>
         <size>0x8</size>
         <alignment>0x2</alignment>
         <input_file_ref idref="fl-5"/>
      </object_component>
      <object_component id="oc-d4">
         <name>.data</name>
         <load_address>0xa800</load_address>
         <readwrite>true</readwrite>
         <run_address>0xa800</run_address>
         <size>0x40</size>
         <alignment>0x2</alignment>
         <input_file_ref idref="fl-8"/>
      </object_component>
      <object_component id="oc-1e9">
         <name>.data</name>
         <load_address>0xa840</load_address>
         <readwrite>true</readwrite>
         <run_address>0xa840</run_address>
         <size>0x6</size>
         <alignment>0x2</alignment>
         <input_file_ref idref="fl-2f"/>
      </object_component>
      <object_component id="oc-1ec">
         <name>.data:_lock</name>
         <load_address>0xa846</load_address>
         <readwrite>true</readwrite>
         <run_address>0xa846</run_address>
         <size>0x2</size>
         <alignment>0x2</alignment>
         <input_file_ref idref="fl-30"/>
      </object_component>
      <object_component id="oc-226">
         <name>.data:_unlock</name>
         <load_address>0xa848</load_address>
         <readwrite>true</readwrite>
         <run_address>0xa848</run_address>
         <size>0x2</size>
         <alignment>0x2</alignment>
         <input_file_ref idref="fl-30"/>
      </object_component>
      <object_component id="oc-104">
         <name>PieVectTableFile</name>
         <uninitialized>true</uninitialized>
         <readwrite>true</readwrite>
         <run_address>0xd00</run_address>
         <size>0x1c0</size>
         <alignment>0x2</alignment>
         <input_file_ref idref="fl-3"/>
      </object_component>
      <object_component id="oc-da">
         <name>AdcaRegsFile</name>
         <uninitialized>true</uninitialized>
         <readwrite>true</readwrite>
         <run_address>0x7400</run_address>
         <size>0x7c</size>
         <alignment>0x2</alignment>
         <input_file_ref idref="fl-3"/>
      </object_component>
      <object_component id="oc-d1">
         <name>AdcaResultRegsFile</name>
         <uninitialized>true</uninitialized>
         <readwrite>true</readwrite>
         <run_address>0xb00</run_address>
         <size>0x18</size>
         <alignment>0x2</alignment>
         <input_file_ref idref="fl-3"/>
      </object_component>
      <object_component id="oc-14b">
         <name>AnalogSubsysRegsFile</name>
         <uninitialized>true</uninitialized>
         <readwrite>true</readwrite>
         <run_address>0x5d180</run_address>
         <size>0x3e</size>
         <alignment>0x2</alignment>
         <input_file_ref idref="fl-3"/>
      </object_component>
      <object_component id="oc-154">
         <name>ClkCfgRegsFile</name>
         <uninitialized>true</uninitialized>
         <readwrite>true</readwrite>
         <run_address>0x5d200</run_address>
         <size>0x32</size>
         <alignment>0x2</alignment>
         <input_file_ref idref="fl-3"/>
      </object_component>
      <object_component id="oc-157">
         <name>CpuTimer1RegsFile</name>
         <uninitialized>true</uninitialized>
         <readwrite>true</readwrite>
         <run_address>0xc08</run_address>
         <size>0x8</size>
         <alignment>0x2</alignment>
         <input_file_ref idref="fl-3"/>
      </object_component>
      <object_component id="oc-15a">
         <name>CpuTimer2RegsFile</name>
         <uninitialized>true</uninitialized>
         <readwrite>true</readwrite>
         <run_address>0xc10</run_address>
         <size>0x8</size>
         <alignment>0x2</alignment>
         <input_file_ref idref="fl-3"/>
      </object_component>
      <object_component id="oc-101">
         <name>CpuSysRegsFile</name>
         <uninitialized>true</uninitialized>
         <readwrite>true</readwrite>
         <run_address>0x5d300</run_address>
         <size>0x82</size>
         <alignment>0x2</alignment>
         <input_file_ref idref="fl-3"/>
      </object_component>
      <object_component id="oc-15d">
         <name>DcsmZ1RegsFile</name>
         <uninitialized>true</uninitialized>
         <readwrite>true</readwrite>
         <run_address>0x5f000</run_address>
         <size>0x22</size>
         <alignment>0x2</alignment>
         <input_file_ref idref="fl-3"/>
      </object_component>
      <object_component id="oc-160">
         <name>DcsmZ2RegsFile</name>
         <uninitialized>true</uninitialized>
         <readwrite>true</readwrite>
         <run_address>0x5f040</run_address>
         <size>0x22</size>
         <alignment>0x2</alignment>
         <input_file_ref idref="fl-3"/>
      </object_component>
      <object_component id="oc-148">
         <name>DevCfgRegsFile</name>
         <uninitialized>true</uninitialized>
         <readwrite>true</readwrite>
         <run_address>0x5d000</run_address>
         <size>0x12e</size>
         <alignment>0x2</alignment>
         <input_file_ref idref="fl-3"/>
      </object_component>
      <object_component id="oc-d7">
         <name>EPwm4RegsFile</name>
         <uninitialized>true</uninitialized>
         <readwrite>true</readwrite>
         <run_address>0x4300</run_address>
         <size>0x100</size>
         <alignment>0x2</alignment>
         <input_file_ref idref="fl-3"/>
      </object_component>
      <object_component id="oc-14e">
         <name>FlashPumpSemaphoreRegsFile</name>
         <uninitialized>true</uninitialized>
         <readwrite>true</readwrite>
         <run_address>0x50024</run_address>
         <size>0x2</size>
         <alignment>0x2</alignment>
         <input_file_ref idref="fl-3"/>
      </object_component>
      <object_component id="oc-165">
         <name>GpioCtrlRegsFile</name>
         <uninitialized>true</uninitialized>
         <readwrite>true</readwrite>
         <run_address>0x7c00</run_address>
         <size>0x180</size>
         <alignment>0x2</alignment>
         <input_file_ref idref="fl-3"/>
      </object_component>
      <object_component id="oc-ce">
         <name>GpioDataRegsFile</name>
         <uninitialized>true</uninitialized>
         <readwrite>true</readwrite>
         <run_address>0x7f00</run_address>
         <size>0x30</size>
         <alignment>0x2</alignment>
         <input_file_ref idref="fl-3"/>
      </object_component>
      <object_component id="oc-190">
         <name>InputXbarRegsFile</name>
         <uninitialized>true</uninitialized>
         <readwrite>true</readwrite>
         <run_address>0x7900</run_address>
         <size>0x20</size>
         <alignment>0x2</alignment>
         <input_file_ref idref="fl-3"/>
      </object_component>
      <object_component id="oc-dd">
         <name>PieCtrlRegsFile</name>
         <uninitialized>true</uninitialized>
         <readwrite>true</readwrite>
         <run_address>0xce0</run_address>
         <size>0x1a</size>
         <alignment>0x1</alignment>
         <input_file_ref idref="fl-3"/>
      </object_component>
      <object_component id="oc-151">
         <name>WdRegsFile</name>
         <uninitialized>true</uninitialized>
         <readwrite>true</readwrite>
         <run_address>0x7000</run_address>
         <size>0x2b</size>
         <alignment>0x1</alignment>
         <input_file_ref idref="fl-3"/>
      </object_component>
      <object_component id="oc-123">
         <name>.debug_types</name>
         <load_address>0x0</load_address>
         <run_address>0x0</run_address>
         <size>0x5ffbe</size>
         <alignment>0x0</alignment>
         <input_file_ref idref="fl-3"/>
      </object_component>
      <object_component id="oc-194">
         <name>.debug_types</name>
         <load_address>0x5ffbe</load_address>
         <run_address>0x5ffbe</run_address>
         <size>0x5a</size>
         <alignment>0x0</alignment>
         <input_file_ref idref="fl-4"/>
      </object_component>
      <object_component id="oc-164">
         <name>.debug_types</name>
         <load_address>0x60018</load_address>
         <run_address>0x60018</run_address>
         <size>0x2f</size>
         <alignment>0x0</alignment>
         <input_file_ref idref="fl-5"/>
      </object_component>
      <object_component id="oc-169">
         <name>.debug_types</name>
         <load_address>0x60047</load_address>
         <run_address>0x60047</run_address>
         <size>0x6e</size>
         <alignment>0x0</alignment>
         <input_file_ref idref="fl-7"/>
      </object_component>
      <object_component id="oc-108">
         <name>.debug_types</name>
         <load_address>0x600b5</load_address>
         <run_address>0x600b5</run_address>
         <size>0x56</size>
         <alignment>0x0</alignment>
         <input_file_ref idref="fl-8"/>
      </object_component>
      <object_component id="oc-1b6">
         <name>.debug_types</name>
         <load_address>0x0</load_address>
         <run_address>0x0</run_address>
         <size>0x0</size>
         <alignment>0x0</alignment>
         <input_file_ref idref="fl-2a"/>
      </object_component>
      <object_component id="oc-200">
         <name>.debug_types</name>
         <load_address>0x6010b</load_address>
         <run_address>0x6010b</run_address>
         <size>0x4f5</size>
         <alignment>0x0</alignment>
         <input_file_ref idref="fl-2b"/>
      </object_component>
      <object_component id="oc-113">
         <name>.debug_types</name>
         <load_address>0x60600</load_address>
         <run_address>0x60600</run_address>
         <size>0x1f3</size>
         <alignment>0x0</alignment>
         <input_file_ref idref="fl-2c"/>
      </object_component>
      <object_component id="oc-bb">
         <name>.debug_types</name>
         <load_address>0x0</load_address>
         <run_address>0x0</run_address>
         <size>0x0</size>
         <alignment>0x0</alignment>
         <input_file_ref idref="fl-2d"/>
      </object_component>
      <object_component id="oc-b3">
         <name>.debug_types</name>
         <load_address>0x607f3</load_address>
         <run_address>0x607f3</run_address>
         <size>0x191</size>
         <alignment>0x0</alignment>
         <input_file_ref idref="fl-2e"/>
      </object_component>
      <object_component id="oc-1f0">
         <name>.debug_types</name>
         <load_address>0x60984</load_address>
         <run_address>0x60984</run_address>
         <size>0xbf</size>
         <alignment>0x0</alignment>
         <input_file_ref idref="fl-2f"/>
      </object_component>
      <object_component id="oc-21b">
         <name>.debug_types</name>
         <load_address>0x60a43</load_address>
         <run_address>0x60a43</run_address>
         <size>0x2f</size>
         <alignment>0x0</alignment>
         <input_file_ref idref="fl-30"/>
      </object_component>
      <object_component id="oc-1e8">
         <name>.debug_types</name>
         <load_address>0x60a72</load_address>
         <run_address>0x60a72</run_address>
         <size>0xe1</size>
         <alignment>0x0</alignment>
         <input_file_ref idref="fl-31"/>
      </object_component>
      <object_component id="oc-10e">
         <name>.debug_types</name>
         <load_address>0x60b53</load_address>
         <run_address>0x60b53</run_address>
         <size>0xb8</size>
         <alignment>0x0</alignment>
         <input_file_ref idref="fl-34"/>
      </object_component>
      <object_component id="oc-220">
         <name>.debug_types</name>
         <load_address>0x0</load_address>
         <run_address>0x0</run_address>
         <size>0x0</size>
         <alignment>0x0</alignment>
         <input_file_ref idref="fl-35"/>
      </object_component>
      <object_component id="oc-14f">
         <name>.debug_info</name>
         <load_address>0x0</load_address>
         <run_address>0x0</run_address>
         <size>0xf5</size>
         <alignment>0x0</alignment>
         <input_file_ref idref="fl-3"/>
      </object_component>
      <object_component id="oc-158">
         <name>.debug_info</name>
         <load_address>0xf5</load_address>
         <run_address>0xf5</run_address>
         <size>0xe3</size>
         <alignment>0x0</alignment>
         <input_file_ref idref="fl-3"/>
      </object_component>
      <object_component id="oc-15b">
         <name>.debug_info</name>
         <load_address>0x1d8</load_address>
         <run_address>0x1d8</run_address>
         <size>0xe3</size>
         <alignment>0x0</alignment>
         <input_file_ref idref="fl-3"/>
      </object_component>
      <object_component id="oc-d2">
         <name>.debug_info</name>
         <load_address>0x2bb</load_address>
         <run_address>0x2bb</run_address>
         <size>0xe4</size>
         <alignment>0x0</alignment>
         <input_file_ref idref="fl-3"/>
      </object_component>
      <object_component id="oc-de">
         <name>.debug_info</name>
         <load_address>0x39f</load_address>
         <run_address>0x39f</run_address>
         <size>0xdf</size>
         <alignment>0x0</alignment>
         <input_file_ref idref="fl-3"/>
      </object_component>
      <object_component id="oc-191">
         <name>.debug_info</name>
         <load_address>0x47e</load_address>
         <run_address>0x47e</run_address>
         <size>0xe3</size>
         <alignment>0x0</alignment>
         <input_file_ref idref="fl-3"/>
      </object_component>
      <object_component id="oc-15e">
         <name>.debug_info</name>
         <load_address>0x561</load_address>
         <run_address>0x561</run_address>
         <size>0xdd</size>
         <alignment>0x0</alignment>
         <input_file_ref idref="fl-3"/>
      </object_component>
      <object_component id="oc-161">
         <name>.debug_info</name>
         <load_address>0x63e</load_address>
         <run_address>0x63e</run_address>
         <size>0xdd</size>
         <alignment>0x0</alignment>
         <input_file_ref idref="fl-3"/>
      </object_component>
      <object_component id="oc-152">
         <name>.debug_info</name>
         <load_address>0x71b</load_address>
         <run_address>0x71b</run_address>
         <size>0xd5</size>
         <alignment>0x0</alignment>
         <input_file_ref idref="fl-3"/>
      </object_component>
      <object_component id="oc-cf">
         <name>.debug_info</name>
         <load_address>0x7f0</load_address>
         <run_address>0x7f0</run_address>
         <size>0xe1</size>
         <alignment>0x0</alignment>
         <input_file_ref idref="fl-3"/>
      </object_component>
      <object_component id="oc-155">
         <name>.debug_info</name>
         <load_address>0x8d1</load_address>
         <run_address>0x8d1</run_address>
         <size>0xdd</size>
         <alignment>0x0</alignment>
         <input_file_ref idref="fl-3"/>
      </object_component>
      <object_component id="oc-14c">
         <name>.debug_info</name>
         <load_address>0x9ae</load_address>
         <run_address>0x9ae</run_address>
         <size>0xe8</size>
         <alignment>0x0</alignment>
         <input_file_ref idref="fl-3"/>
      </object_component>
      <object_component id="oc-db">
         <name>.debug_info</name>
         <load_address>0xa96</load_address>
         <run_address>0xa96</run_address>
         <size>0xd8</size>
         <alignment>0x0</alignment>
         <input_file_ref idref="fl-3"/>
      </object_component>
      <object_component id="oc-102">
         <name>.debug_info</name>
         <load_address>0xb6e</load_address>
         <run_address>0xb6e</run_address>
         <size>0xdd</size>
         <alignment>0x0</alignment>
         <input_file_ref idref="fl-3"/>
      </object_component>
      <object_component id="oc-d8">
         <name>.debug_info</name>
         <load_address>0xc4b</load_address>
         <run_address>0xc4b</run_address>
         <size>0xdb</size>
         <alignment>0x0</alignment>
         <input_file_ref idref="fl-3"/>
      </object_component>
      <object_component id="oc-149">
         <name>.debug_info</name>
         <load_address>0xd26</load_address>
         <run_address>0xd26</run_address>
         <size>0xdd</size>
         <alignment>0x0</alignment>
         <input_file_ref idref="fl-3"/>
      </object_component>
      <object_component id="oc-166">
         <name>.debug_info</name>
         <load_address>0xe03</load_address>
         <run_address>0xe03</run_address>
         <size>0xe1</size>
         <alignment>0x0</alignment>
         <input_file_ref idref="fl-3"/>
      </object_component>
      <object_component id="oc-105">
         <name>.debug_info</name>
         <load_address>0xee4</load_address>
         <run_address>0xee4</run_address>
         <size>0xe1</size>
         <alignment>0x0</alignment>
         <input_file_ref idref="fl-3"/>
      </object_component>
      <object_component id="oc-136">
         <name>.debug_info</name>
         <load_address>0xfc5</load_address>
         <run_address>0xfc5</run_address>
         <size>0xa89</size>
         <alignment>0x0</alignment>
         <input_file_ref idref="fl-4"/>
      </object_component>
      <object_component id="oc-f7">
         <name>.debug_info</name>
         <load_address>0x1a4e</load_address>
         <run_address>0x1a4e</run_address>
         <size>0xc02</size>
         <alignment>0x0</alignment>
         <input_file_ref idref="fl-5"/>
      </object_component>
      <object_component id="oc-fc">
         <name>.debug_info</name>
         <load_address>0x2650</load_address>
         <run_address>0x2650</run_address>
         <size>0x19e</size>
         <alignment>0x0</alignment>
         <input_file_ref idref="fl-7"/>
      </object_component>
      <object_component id="oc-d5">
         <name>.debug_info</name>
         <load_address>0x27ee</load_address>
         <run_address>0x27ee</run_address>
         <size>0x4db</size>
         <alignment>0x0</alignment>
         <input_file_ref idref="fl-8"/>
      </object_component>
      <object_component id="oc-a7">
         <name>.debug_info</name>
         <load_address>0x2cc9</load_address>
         <run_address>0x2cc9</run_address>
         <size>0x15e</size>
         <alignment>0x0</alignment>
         <input_file_ref idref="fl-8"/>
      </object_component>
      <object_component id="oc-ae">
         <name>.debug_info</name>
         <load_address>0x2e27</load_address>
         <run_address>0x2e27</run_address>
         <size>0x228</size>
         <alignment>0x0</alignment>
         <input_file_ref idref="fl-8"/>
      </object_component>
      <object_component id="oc-a2">
         <name>.debug_info</name>
         <load_address>0x304f</load_address>
         <run_address>0x304f</run_address>
         <size>0xef</size>
         <alignment>0x0</alignment>
         <input_file_ref idref="fl-9"/>
      </object_component>
      <object_component id="oc-c9">
         <name>.debug_info</name>
         <load_address>0x313e</load_address>
         <run_address>0x313e</run_address>
         <size>0xf0</size>
         <alignment>0x0</alignment>
         <input_file_ref idref="fl-9"/>
      </object_component>
      <object_component id="oc-11d">
         <name>.debug_info</name>
         <load_address>0x322e</load_address>
         <run_address>0x322e</run_address>
         <size>0x141</size>
         <alignment>0x0</alignment>
         <input_file_ref idref="fl-21"/>
      </object_component>
      <object_component id="oc-ec">
         <name>.debug_info</name>
         <load_address>0x336f</load_address>
         <run_address>0x336f</run_address>
         <size>0x110</size>
         <alignment>0x0</alignment>
         <input_file_ref idref="fl-22"/>
      </object_component>
      <object_component id="oc-144">
         <name>.debug_info</name>
         <load_address>0x347f</load_address>
         <run_address>0x347f</run_address>
         <size>0x11a</size>
         <alignment>0x0</alignment>
         <input_file_ref idref="fl-23"/>
      </object_component>
      <object_component id="oc-e9">
         <name>.debug_info</name>
         <load_address>0x3599</load_address>
         <run_address>0x3599</run_address>
         <size>0x110</size>
         <alignment>0x0</alignment>
         <input_file_ref idref="fl-24"/>
      </object_component>
      <object_component id="oc-139">
         <name>.debug_info</name>
         <load_address>0x36a9</load_address>
         <run_address>0x36a9</run_address>
         <size>0x110</size>
         <alignment>0x0</alignment>
         <input_file_ref idref="fl-25"/>
      </object_component>
      <object_component id="oc-e2">
         <name>.debug_info</name>
         <load_address>0x37b9</load_address>
         <run_address>0x37b9</run_address>
         <size>0x113</size>
         <alignment>0x0</alignment>
         <input_file_ref idref="fl-27"/>
      </object_component>
      <object_component id="oc-140">
         <name>.debug_info</name>
         <load_address>0x38cc</load_address>
         <run_address>0x38cc</run_address>
         <size>0x114</size>
         <alignment>0x0</alignment>
         <input_file_ref idref="fl-28"/>
      </object_component>
      <object_component id="oc-f2">
         <name>.debug_info</name>
         <load_address>0x39e0</load_address>
         <run_address>0x39e0</run_address>
         <size>0x114</size>
         <alignment>0x0</alignment>
         <input_file_ref idref="fl-29"/>
      </object_component>
      <object_component id="oc-17b">
         <name>.debug_info</name>
         <load_address>0x3af4</load_address>
         <run_address>0x3af4</run_address>
         <size>0x136</size>
         <alignment>0x0</alignment>
         <input_file_ref idref="fl-2a"/>
      </object_component>
      <object_component id="oc-1b8">
         <name>.debug_info</name>
         <load_address>0x3c2a</load_address>
         <run_address>0x3c2a</run_address>
         <size>0x1a8</size>
         <alignment>0x0</alignment>
         <input_file_ref idref="fl-2b"/>
      </object_component>
      <object_component id="oc-bd">
         <name>.debug_info</name>
         <load_address>0x3dd2</load_address>
         <run_address>0x3dd2</run_address>
         <size>0x19f</size>
         <alignment>0x0</alignment>
         <input_file_ref idref="fl-2c"/>
      </object_component>
      <object_component id="oc-9b">
         <name>.debug_info</name>
         <load_address>0x3f71</load_address>
         <run_address>0x3f71</run_address>
         <size>0x1a0</size>
         <alignment>0x0</alignment>
         <input_file_ref idref="fl-2d"/>
      </object_component>
      <object_component id="oc-95">
         <name>.debug_info</name>
         <load_address>0x4111</load_address>
         <run_address>0x4111</run_address>
         <size>0x1f5</size>
         <alignment>0x0</alignment>
         <input_file_ref idref="fl-2e"/>
      </object_component>
      <object_component id="oc-1ea">
         <name>.debug_info</name>
         <load_address>0x4306</load_address>
         <run_address>0x4306</run_address>
         <size>0x187</size>
         <alignment>0x0</alignment>
         <input_file_ref idref="fl-2f"/>
      </object_component>
      <object_component id="oc-18a">
         <name>.debug_info</name>
         <load_address>0x448d</load_address>
         <run_address>0x448d</run_address>
         <size>0x192</size>
         <alignment>0x0</alignment>
         <input_file_ref idref="fl-2f"/>
      </object_component>
      <object_component id="oc-1ed">
         <name>.debug_info</name>
         <load_address>0x461f</load_address>
         <run_address>0x461f</run_address>
         <size>0xf0</size>
         <alignment>0x0</alignment>
         <input_file_ref idref="fl-30"/>
      </object_component>
      <object_component id="oc-227">
         <name>.debug_info</name>
         <load_address>0x470f</load_address>
         <run_address>0x470f</run_address>
         <size>0xf4</size>
         <alignment>0x0</alignment>
         <input_file_ref idref="fl-30"/>
      </object_component>
      <object_component id="oc-215">
         <name>.debug_info</name>
         <load_address>0x4803</load_address>
         <run_address>0x4803</run_address>
         <size>0x1ec</size>
         <alignment>0x0</alignment>
         <input_file_ref idref="fl-30"/>
      </object_component>
      <object_component id="oc-183">
         <name>.debug_info</name>
         <load_address>0x49ef</load_address>
         <run_address>0x49ef</run_address>
         <size>0x156</size>
         <alignment>0x0</alignment>
         <input_file_ref idref="fl-31"/>
      </object_component>
      <object_component id="oc-b6">
         <name>.debug_info</name>
         <load_address>0x4b45</load_address>
         <run_address>0x4b45</run_address>
         <size>0x184</size>
         <alignment>0x0</alignment>
         <input_file_ref idref="fl-34"/>
      </object_component>
      <object_component id="oc-1fb">
         <name>.debug_info</name>
         <load_address>0x4cc9</load_address>
         <run_address>0x4cc9</run_address>
         <size>0x130</size>
         <alignment>0x0</alignment>
         <input_file_ref idref="fl-35"/>
      </object_component>
      <object_component id="oc-2de">
         <name>.debug_info</name>
         <load_address>0x4df9</load_address>
         <run_address>0x4df9</run_address>
         <size>0x8f</size>
         <alignment>0x0</alignment>
      </object_component>
      <object_component id="oc-19d">
         <name>.debug_line</name>
         <load_address>0x0</load_address>
         <run_address>0x0</run_address>
         <size>0x44</size>
         <alignment>0x0</alignment>
         <input_file_ref idref="fl-3"/>
      </object_component>
      <object_component id="oc-1a3">
         <name>.debug_line</name>
         <load_address>0x44</load_address>
         <run_address>0x44</run_address>
         <size>0x44</size>
         <alignment>0x0</alignment>
         <input_file_ref idref="fl-3"/>
      </object_component>
      <object_component id="oc-1a5">
         <name>.debug_line</name>
         <load_address>0x88</load_address>
         <run_address>0x88</run_address>
         <size>0x44</size>
         <alignment>0x0</alignment>
         <input_file_ref idref="fl-3"/>
      </object_component>
      <object_component id="oc-125">
         <name>.debug_line</name>
         <load_address>0xcc</load_address>
         <run_address>0xcc</run_address>
         <size>0x44</size>
         <alignment>0x0</alignment>
         <input_file_ref idref="fl-3"/>
      </object_component>
      <object_component id="oc-12d">
         <name>.debug_line</name>
         <load_address>0x110</load_address>
         <run_address>0x110</run_address>
         <size>0x44</size>
         <alignment>0x0</alignment>
         <input_file_ref idref="fl-3"/>
      </object_component>
      <object_component id="oc-1f2">
         <name>.debug_line</name>
         <load_address>0x154</load_address>
         <run_address>0x154</run_address>
         <size>0x44</size>
         <alignment>0x0</alignment>
         <input_file_ref idref="fl-3"/>
      </object_component>
      <object_component id="oc-1a7">
         <name>.debug_line</name>
         <load_address>0x198</load_address>
         <run_address>0x198</run_address>
         <size>0x44</size>
         <alignment>0x0</alignment>
         <input_file_ref idref="fl-3"/>
      </object_component>
      <object_component id="oc-1a9">
         <name>.debug_line</name>
         <load_address>0x1dc</load_address>
         <run_address>0x1dc</run_address>
         <size>0x44</size>
         <alignment>0x0</alignment>
         <input_file_ref idref="fl-3"/>
      </object_component>
      <object_component id="oc-19f">
         <name>.debug_line</name>
         <load_address>0x220</load_address>
         <run_address>0x220</run_address>
         <size>0x44</size>
         <alignment>0x0</alignment>
         <input_file_ref idref="fl-3"/>
      </object_component>
      <object_component id="oc-122">
         <name>.debug_line</name>
         <load_address>0x264</load_address>
         <run_address>0x264</run_address>
         <size>0x44</size>
         <alignment>0x0</alignment>
         <input_file_ref idref="fl-3"/>
      </object_component>
      <object_component id="oc-1a1">
         <name>.debug_line</name>
         <load_address>0x2a8</load_address>
         <run_address>0x2a8</run_address>
         <size>0x44</size>
         <alignment>0x0</alignment>
         <input_file_ref idref="fl-3"/>
      </object_component>
      <object_component id="oc-19b">
         <name>.debug_line</name>
         <load_address>0x2ec</load_address>
         <run_address>0x2ec</run_address>
         <size>0x44</size>
         <alignment>0x0</alignment>
         <input_file_ref idref="fl-3"/>
      </object_component>
      <object_component id="oc-12b">
         <name>.debug_line</name>
         <load_address>0x330</load_address>
         <run_address>0x330</run_address>
         <size>0x44</size>
         <alignment>0x0</alignment>
         <input_file_ref idref="fl-3"/>
      </object_component>
      <object_component id="oc-16b">
         <name>.debug_line</name>
         <load_address>0x374</load_address>
         <run_address>0x374</run_address>
         <size>0x44</size>
         <alignment>0x0</alignment>
         <input_file_ref idref="fl-3"/>
      </object_component>
      <object_component id="oc-129">
         <name>.debug_line</name>
         <load_address>0x3b8</load_address>
         <run_address>0x3b8</run_address>
         <size>0x44</size>
         <alignment>0x0</alignment>
         <input_file_ref idref="fl-3"/>
      </object_component>
      <object_component id="oc-199">
         <name>.debug_line</name>
         <load_address>0x3fc</load_address>
         <run_address>0x3fc</run_address>
         <size>0x44</size>
         <alignment>0x0</alignment>
         <input_file_ref idref="fl-3"/>
      </object_component>
      <object_component id="oc-1ae">
         <name>.debug_line</name>
         <load_address>0x440</load_address>
         <run_address>0x440</run_address>
         <size>0x44</size>
         <alignment>0x0</alignment>
         <input_file_ref idref="fl-3"/>
      </object_component>
      <object_component id="oc-16d">
         <name>.debug_line</name>
         <load_address>0x484</load_address>
         <run_address>0x484</run_address>
         <size>0x44</size>
         <alignment>0x0</alignment>
         <input_file_ref idref="fl-3"/>
      </object_component>
      <object_component id="oc-18e">
         <name>.debug_line</name>
         <load_address>0x4c8</load_address>
         <run_address>0x4c8</run_address>
         <size>0x9e</size>
         <alignment>0x0</alignment>
         <input_file_ref idref="fl-3"/>
      </object_component>
      <object_component id="oc-134">
         <name>.debug_line</name>
         <load_address>0x566</load_address>
         <run_address>0x566</run_address>
         <size>0x23e</size>
         <alignment>0x0</alignment>
         <input_file_ref idref="fl-4"/>
      </object_component>
      <object_component id="oc-1f4">
         <name>.debug_line</name>
         <load_address>0x7a4</load_address>
         <run_address>0x7a4</run_address>
         <size>0x129</size>
         <alignment>0x0</alignment>
         <input_file_ref idref="fl-4"/>
      </object_component>
      <object_component id="oc-fa">
         <name>.debug_line</name>
         <load_address>0x8cd</load_address>
         <run_address>0x8cd</run_address>
         <size>0x544</size>
         <alignment>0x0</alignment>
         <input_file_ref idref="fl-5"/>
      </object_component>
      <object_component id="oc-1ab">
         <name>.debug_line</name>
         <load_address>0xe11</load_address>
         <run_address>0xe11</run_address>
         <size>0x23a</size>
         <alignment>0x0</alignment>
         <input_file_ref idref="fl-5"/>
      </object_component>
      <object_component id="oc-ff">
         <name>.debug_line</name>
         <load_address>0x104b</load_address>
         <run_address>0x104b</run_address>
         <size>0xcc</size>
         <alignment>0x0</alignment>
         <input_file_ref idref="fl-7"/>
      </object_component>
      <object_component id="oc-1b0">
         <name>.debug_line</name>
         <load_address>0x1117</load_address>
         <run_address>0x1117</run_address>
         <size>0x12d</size>
         <alignment>0x0</alignment>
         <input_file_ref idref="fl-7"/>
      </object_component>
      <object_component id="oc-127">
         <name>.debug_line</name>
         <load_address>0x1244</load_address>
         <run_address>0x1244</run_address>
         <size>0x3e</size>
         <alignment>0x0</alignment>
         <input_file_ref idref="fl-8"/>
      </object_component>
      <object_component id="oc-aa">
         <name>.debug_line</name>
         <load_address>0x1282</load_address>
         <run_address>0x1282</run_address>
         <size>0x66</size>
         <alignment>0x0</alignment>
         <input_file_ref idref="fl-8"/>
      </object_component>
      <object_component id="oc-ac">
         <name>.debug_line</name>
         <load_address>0x12e8</load_address>
         <run_address>0x12e8</run_address>
         <size>0xcb</size>
         <alignment>0x0</alignment>
         <input_file_ref idref="fl-8"/>
      </object_component>
      <object_component id="oc-16f">
         <name>.debug_line</name>
         <load_address>0x13b3</load_address>
         <run_address>0x13b3</run_address>
         <size>0x10b</size>
         <alignment>0x0</alignment>
         <input_file_ref idref="fl-8"/>
      </object_component>
      <object_component id="oc-a4">
         <name>.debug_line</name>
         <load_address>0x14be</load_address>
         <run_address>0x14be</run_address>
         <size>0x55</size>
         <alignment>0x0</alignment>
         <input_file_ref idref="fl-9"/>
      </object_component>
      <object_component id="oc-cc">
         <name>.debug_line</name>
         <load_address>0x1513</load_address>
         <run_address>0x1513</run_address>
         <size>0x5d</size>
         <alignment>0x0</alignment>
         <input_file_ref idref="fl-9"/>
      </object_component>
      <object_component id="oc-11c">
         <name>.debug_line</name>
         <load_address>0x1570</load_address>
         <run_address>0x1570</run_address>
         <size>0x4f</size>
         <alignment>0x0</alignment>
         <input_file_ref idref="fl-21"/>
      </object_component>
      <object_component id="oc-ef">
         <name>.debug_line</name>
         <load_address>0x15bf</load_address>
         <run_address>0x15bf</run_address>
         <size>0xc5</size>
         <alignment>0x0</alignment>
         <input_file_ref idref="fl-22"/>
      </object_component>
      <object_component id="oc-147">
         <name>.debug_line</name>
         <load_address>0x1684</load_address>
         <run_address>0x1684</run_address>
         <size>0x61</size>
         <alignment>0x0</alignment>
         <input_file_ref idref="fl-23"/>
      </object_component>
      <object_component id="oc-e8">
         <name>.debug_line</name>
         <load_address>0x16e5</load_address>
         <run_address>0x16e5</run_address>
         <size>0xa3</size>
         <alignment>0x0</alignment>
         <input_file_ref idref="fl-24"/>
      </object_component>
      <object_component id="oc-13c">
         <name>.debug_line</name>
         <load_address>0x1788</load_address>
         <run_address>0x1788</run_address>
         <size>0xae</size>
         <alignment>0x0</alignment>
         <input_file_ref idref="fl-25"/>
      </object_component>
      <object_component id="oc-e1">
         <name>.debug_line</name>
         <load_address>0x1836</load_address>
         <run_address>0x1836</run_address>
         <size>0x53</size>
         <alignment>0x0</alignment>
         <input_file_ref idref="fl-27"/>
      </object_component>
      <object_component id="oc-13e">
         <name>.debug_line</name>
         <load_address>0x1889</load_address>
         <run_address>0x1889</run_address>
         <size>0x59</size>
         <alignment>0x0</alignment>
         <input_file_ref idref="fl-28"/>
      </object_component>
      <object_component id="oc-f1">
         <name>.debug_line</name>
         <load_address>0x18e2</load_address>
         <run_address>0x18e2</run_address>
         <size>0x5f</size>
         <alignment>0x0</alignment>
         <input_file_ref idref="fl-29"/>
      </object_component>
      <object_component id="oc-17d">
         <name>.debug_line</name>
         <load_address>0x1941</load_address>
         <run_address>0x1941</run_address>
         <size>0x3f</size>
         <alignment>0x0</alignment>
         <input_file_ref idref="fl-2a"/>
      </object_component>
      <object_component id="oc-1f7">
         <name>.debug_line</name>
         <load_address>0x1980</load_address>
         <run_address>0x1980</run_address>
         <size>0x21</size>
         <alignment>0x0</alignment>
         <input_file_ref idref="fl-2a"/>
      </object_component>
      <object_component id="oc-1bb">
         <name>.debug_line</name>
         <load_address>0x19a1</load_address>
         <run_address>0x19a1</run_address>
         <size>0x74</size>
         <alignment>0x0</alignment>
         <input_file_ref idref="fl-2b"/>
      </object_component>
      <object_component id="oc-222">
         <name>.debug_line</name>
         <load_address>0x1a15</load_address>
         <run_address>0x1a15</run_address>
         <size>0x21</size>
         <alignment>0x0</alignment>
         <input_file_ref idref="fl-2b"/>
      </object_component>
      <object_component id="oc-c0">
         <name>.debug_line</name>
         <load_address>0x1a36</load_address>
         <run_address>0x1a36</run_address>
         <size>0x4d</size>
         <alignment>0x0</alignment>
         <input_file_ref idref="fl-2c"/>
      </object_component>
      <object_component id="oc-175">
         <name>.debug_line</name>
         <load_address>0x1a83</load_address>
         <run_address>0x1a83</run_address>
         <size>0x21</size>
         <alignment>0x0</alignment>
         <input_file_ref idref="fl-2c"/>
      </object_component>
      <object_component id="oc-9e">
         <name>.debug_line</name>
         <load_address>0x1aa4</load_address>
         <run_address>0x1aa4</run_address>
         <size>0x57</size>
         <alignment>0x0</alignment>
         <input_file_ref idref="fl-2d"/>
      </object_component>
      <object_component id="oc-110">
         <name>.debug_line</name>
         <load_address>0x1afb</load_address>
         <run_address>0x1afb</run_address>
         <size>0x21</size>
         <alignment>0x0</alignment>
         <input_file_ref idref="fl-2d"/>
      </object_component>
      <object_component id="oc-98">
         <name>.debug_line</name>
         <load_address>0x1b1c</load_address>
         <run_address>0x1b1c</run_address>
         <size>0x9a</size>
         <alignment>0x0</alignment>
         <input_file_ref idref="fl-2e"/>
      </object_component>
      <object_component id="oc-10b">
         <name>.debug_line</name>
         <load_address>0x1bb6</load_address>
         <run_address>0x1bb6</run_address>
         <size>0x21</size>
         <alignment>0x0</alignment>
         <input_file_ref idref="fl-2e"/>
      </object_component>
      <object_component id="oc-212">
         <name>.debug_line</name>
         <load_address>0x1bd7</load_address>
         <run_address>0x1bd7</run_address>
         <size>0x2b</size>
         <alignment>0x0</alignment>
         <input_file_ref idref="fl-2f"/>
      </object_component>
      <object_component id="oc-189">
         <name>.debug_line</name>
         <load_address>0x1c02</load_address>
         <run_address>0x1c02</run_address>
         <size>0x66</size>
         <alignment>0x0</alignment>
         <input_file_ref idref="fl-2f"/>
      </object_component>
      <object_component id="oc-21d">
         <name>.debug_line</name>
         <load_address>0x1c68</load_address>
         <run_address>0x1c68</run_address>
         <size>0x21</size>
         <alignment>0x0</alignment>
         <input_file_ref idref="fl-2f"/>
      </object_component>
      <object_component id="oc-21a">
         <name>.debug_line</name>
         <load_address>0x1c89</load_address>
         <run_address>0x1c89</run_address>
         <size>0x2c</size>
         <alignment>0x0</alignment>
         <input_file_ref idref="fl-30"/>
      </object_component>
      <object_component id="oc-234">
         <name>.debug_line</name>
         <load_address>0x1cb5</load_address>
         <run_address>0x1cb5</run_address>
         <size>0x2c</size>
         <alignment>0x0</alignment>
         <input_file_ref idref="fl-30"/>
      </object_component>
      <object_component id="oc-217">
         <name>.debug_line</name>
         <load_address>0x1ce1</load_address>
         <run_address>0x1ce1</run_address>
         <size>0x5f</size>
         <alignment>0x0</alignment>
         <input_file_ref idref="fl-30"/>
      </object_component>
      <object_component id="oc-22b">
         <name>.debug_line</name>
         <load_address>0x1d40</load_address>
         <run_address>0x1d40</run_address>
         <size>0x21</size>
         <alignment>0x0</alignment>
         <input_file_ref idref="fl-30"/>
      </object_component>
      <object_component id="oc-185">
         <name>.debug_line</name>
         <load_address>0x1d61</load_address>
         <run_address>0x1d61</run_address>
         <size>0x50</size>
         <alignment>0x0</alignment>
         <input_file_ref idref="fl-31"/>
      </object_component>
      <object_component id="oc-20f">
         <name>.debug_line</name>
         <load_address>0x1db1</load_address>
         <run_address>0x1db1</run_address>
         <size>0x30</size>
         <alignment>0x0</alignment>
         <input_file_ref idref="fl-31"/>
      </object_component>
      <object_component id="oc-b9">
         <name>.debug_line</name>
         <load_address>0x1de1</load_address>
         <run_address>0x1de1</run_address>
         <size>0x57</size>
         <alignment>0x0</alignment>
         <input_file_ref idref="fl-34"/>
      </object_component>
      <object_component id="oc-172">
         <name>.debug_line</name>
         <load_address>0x1e38</load_address>
         <run_address>0x1e38</run_address>
         <size>0x21</size>
         <alignment>0x0</alignment>
         <input_file_ref idref="fl-34"/>
      </object_component>
      <object_component id="oc-1fa">
         <name>.debug_line</name>
         <load_address>0x1e59</load_address>
         <run_address>0x1e59</run_address>
         <size>0x3b</size>
         <alignment>0x0</alignment>
         <input_file_ref idref="fl-35"/>
      </object_component>
      <object_component id="oc-22e">
         <name>.debug_line</name>
         <load_address>0x1e94</load_address>
         <run_address>0x1e94</run_address>
         <size>0x21</size>
         <alignment>0x0</alignment>
         <input_file_ref idref="fl-35"/>
      </object_component>
      <object_component id="oc-19c">
         <name>.debug_abbrev</name>
         <load_address>0x0</load_address>
         <run_address>0x0</run_address>
         <size>0x26</size>
         <alignment>0x0</alignment>
         <input_file_ref idref="fl-3"/>
      </object_component>
      <object_component id="oc-1a2">
         <name>.debug_abbrev</name>
         <load_address>0x26</load_address>
         <run_address>0x26</run_address>
         <size>0x26</size>
         <alignment>0x0</alignment>
         <input_file_ref idref="fl-3"/>
      </object_component>
      <object_component id="oc-1a4">
         <name>.debug_abbrev</name>
         <load_address>0x4c</load_address>
         <run_address>0x4c</run_address>
         <size>0x26</size>
         <alignment>0x0</alignment>
         <input_file_ref idref="fl-3"/>
      </object_component>
      <object_component id="oc-124">
         <name>.debug_abbrev</name>
         <load_address>0x72</load_address>
         <run_address>0x72</run_address>
         <size>0x26</size>
         <alignment>0x0</alignment>
         <input_file_ref idref="fl-3"/>
      </object_component>
      <object_component id="oc-12c">
         <name>.debug_abbrev</name>
         <load_address>0x98</load_address>
         <run_address>0x98</run_address>
         <size>0x26</size>
         <alignment>0x0</alignment>
         <input_file_ref idref="fl-3"/>
      </object_component>
      <object_component id="oc-1f1">
         <name>.debug_abbrev</name>
         <load_address>0xbe</load_address>
         <run_address>0xbe</run_address>
         <size>0x26</size>
         <alignment>0x0</alignment>
         <input_file_ref idref="fl-3"/>
      </object_component>
      <object_component id="oc-1a6">
         <name>.debug_abbrev</name>
         <load_address>0xe4</load_address>
         <run_address>0xe4</run_address>
         <size>0x26</size>
         <alignment>0x0</alignment>
         <input_file_ref idref="fl-3"/>
      </object_component>
      <object_component id="oc-1a8">
         <name>.debug_abbrev</name>
         <load_address>0x10a</load_address>
         <run_address>0x10a</run_address>
         <size>0x26</size>
         <alignment>0x0</alignment>
         <input_file_ref idref="fl-3"/>
      </object_component>
      <object_component id="oc-19e">
         <name>.debug_abbrev</name>
         <load_address>0x130</load_address>
         <run_address>0x130</run_address>
         <size>0x26</size>
         <alignment>0x0</alignment>
         <input_file_ref idref="fl-3"/>
      </object_component>
      <object_component id="oc-121">
         <name>.debug_abbrev</name>
         <load_address>0x156</load_address>
         <run_address>0x156</run_address>
         <size>0x26</size>
         <alignment>0x0</alignment>
         <input_file_ref idref="fl-3"/>
      </object_component>
      <object_component id="oc-1a0">
         <name>.debug_abbrev</name>
         <load_address>0x17c</load_address>
         <run_address>0x17c</run_address>
         <size>0x26</size>
         <alignment>0x0</alignment>
         <input_file_ref idref="fl-3"/>
      </object_component>
      <object_component id="oc-19a">
         <name>.debug_abbrev</name>
         <load_address>0x1a2</load_address>
         <run_address>0x1a2</run_address>
         <size>0x26</size>
         <alignment>0x0</alignment>
         <input_file_ref idref="fl-3"/>
      </object_component>
      <object_component id="oc-12a">
         <name>.debug_abbrev</name>
         <load_address>0x1c8</load_address>
         <run_address>0x1c8</run_address>
         <size>0x26</size>
         <alignment>0x0</alignment>
         <input_file_ref idref="fl-3"/>
      </object_component>
      <object_component id="oc-16a">
         <name>.debug_abbrev</name>
         <load_address>0x1ee</load_address>
         <run_address>0x1ee</run_address>
         <size>0x26</size>
         <alignment>0x0</alignment>
         <input_file_ref idref="fl-3"/>
      </object_component>
      <object_component id="oc-128">
         <name>.debug_abbrev</name>
         <load_address>0x214</load_address>
         <run_address>0x214</run_address>
         <size>0x26</size>
         <alignment>0x0</alignment>
         <input_file_ref idref="fl-3"/>
      </object_component>
      <object_component id="oc-198">
         <name>.debug_abbrev</name>
         <load_address>0x23a</load_address>
         <run_address>0x23a</run_address>
         <size>0x26</size>
         <alignment>0x0</alignment>
         <input_file_ref idref="fl-3"/>
      </object_component>
      <object_component id="oc-1ad">
         <name>.debug_abbrev</name>
         <load_address>0x260</load_address>
         <run_address>0x260</run_address>
         <size>0x26</size>
         <alignment>0x0</alignment>
         <input_file_ref idref="fl-3"/>
      </object_component>
      <object_component id="oc-16c">
         <name>.debug_abbrev</name>
         <load_address>0x286</load_address>
         <run_address>0x286</run_address>
         <size>0x26</size>
         <alignment>0x0</alignment>
         <input_file_ref idref="fl-3"/>
      </object_component>
      <object_component id="oc-18d">
         <name>.debug_abbrev</name>
         <load_address>0x2ac</load_address>
         <run_address>0x2ac</run_address>
         <size>0x182</size>
         <alignment>0x0</alignment>
         <input_file_ref idref="fl-3"/>
      </object_component>
      <object_component id="oc-193">
         <name>.debug_abbrev</name>
         <load_address>0x42e</load_address>
         <run_address>0x42e</run_address>
         <size>0xd5</size>
         <alignment>0x0</alignment>
         <input_file_ref idref="fl-4"/>
      </object_component>
      <object_component id="oc-1f3">
         <name>.debug_abbrev</name>
         <load_address>0x503</load_address>
         <run_address>0x503</run_address>
         <size>0x14b</size>
         <alignment>0x0</alignment>
         <input_file_ref idref="fl-4"/>
      </object_component>
      <object_component id="oc-163">
         <name>.debug_abbrev</name>
         <load_address>0x64e</load_address>
         <run_address>0x64e</run_address>
         <size>0xef</size>
         <alignment>0x0</alignment>
         <input_file_ref idref="fl-5"/>
      </object_component>
      <object_component id="oc-1aa">
         <name>.debug_abbrev</name>
         <load_address>0x73d</load_address>
         <run_address>0x73d</run_address>
         <size>0x165</size>
         <alignment>0x0</alignment>
         <input_file_ref idref="fl-5"/>
      </object_component>
      <object_component id="oc-168">
         <name>.debug_abbrev</name>
         <load_address>0x8a2</load_address>
         <run_address>0x8a2</run_address>
         <size>0x5f</size>
         <alignment>0x0</alignment>
         <input_file_ref idref="fl-7"/>
      </object_component>
      <object_component id="oc-1af">
         <name>.debug_abbrev</name>
         <load_address>0x901</load_address>
         <run_address>0x901</run_address>
         <size>0x13e</size>
         <alignment>0x0</alignment>
         <input_file_ref idref="fl-7"/>
      </object_component>
      <object_component id="oc-126">
         <name>.debug_abbrev</name>
         <load_address>0xa3f</load_address>
         <run_address>0xa3f</run_address>
         <size>0x28</size>
         <alignment>0x0</alignment>
         <input_file_ref idref="fl-8"/>
      </object_component>
      <object_component id="oc-107">
         <name>.debug_abbrev</name>
         <load_address>0xa67</load_address>
         <run_address>0xa67</run_address>
         <size>0x4a</size>
         <alignment>0x0</alignment>
         <input_file_ref idref="fl-8"/>
      </object_component>
      <object_component id="oc-109">
         <name>.debug_abbrev</name>
         <load_address>0xab1</load_address>
         <run_address>0xab1</run_address>
         <size>0x6d</size>
         <alignment>0x0</alignment>
         <input_file_ref idref="fl-8"/>
      </object_component>
      <object_component id="oc-16e">
         <name>.debug_abbrev</name>
         <load_address>0xb1e</load_address>
         <run_address>0xb1e</run_address>
         <size>0x159</size>
         <alignment>0x0</alignment>
         <input_file_ref idref="fl-8"/>
      </object_component>
      <object_component id="oc-cd">
         <name>.debug_abbrev</name>
         <load_address>0xc77</load_address>
         <run_address>0xc77</run_address>
         <size>0x25</size>
         <alignment>0x0</alignment>
         <input_file_ref idref="fl-9"/>
      </object_component>
      <object_component id="oc-120">
         <name>.debug_abbrev</name>
         <load_address>0xc9c</load_address>
         <run_address>0xc9c</run_address>
         <size>0x25</size>
         <alignment>0x0</alignment>
         <input_file_ref idref="fl-9"/>
      </object_component>
      <object_component id="oc-18c">
         <name>.debug_abbrev</name>
         <load_address>0xcc1</load_address>
         <run_address>0xcc1</run_address>
         <size>0x3d</size>
         <alignment>0x0</alignment>
         <input_file_ref idref="fl-21"/>
      </object_component>
      <object_component id="oc-130">
         <name>.debug_abbrev</name>
         <load_address>0xcfe</load_address>
         <run_address>0xcfe</run_address>
         <size>0x3b</size>
         <alignment>0x0</alignment>
         <input_file_ref idref="fl-22"/>
      </object_component>
      <object_component id="oc-197">
         <name>.debug_abbrev</name>
         <load_address>0xd39</load_address>
         <run_address>0xd39</run_address>
         <size>0x3b</size>
         <alignment>0x0</alignment>
         <input_file_ref idref="fl-23"/>
      </object_component>
      <object_component id="oc-12f">
         <name>.debug_abbrev</name>
         <load_address>0xd74</load_address>
         <run_address>0xd74</run_address>
         <size>0x3b</size>
         <alignment>0x0</alignment>
         <input_file_ref idref="fl-24"/>
      </object_component>
      <object_component id="oc-195">
         <name>.debug_abbrev</name>
         <load_address>0xdaf</load_address>
         <run_address>0xdaf</run_address>
         <size>0x3b</size>
         <alignment>0x0</alignment>
         <input_file_ref idref="fl-25"/>
      </object_component>
      <object_component id="oc-12e">
         <name>.debug_abbrev</name>
         <load_address>0xdea</load_address>
         <run_address>0xdea</run_address>
         <size>0x3b</size>
         <alignment>0x0</alignment>
         <input_file_ref idref="fl-27"/>
      </object_component>
      <object_component id="oc-196">
         <name>.debug_abbrev</name>
         <load_address>0xe25</load_address>
         <run_address>0xe25</run_address>
         <size>0x3b</size>
         <alignment>0x0</alignment>
         <input_file_ref idref="fl-28"/>
      </object_component>
      <object_component id="oc-131">
         <name>.debug_abbrev</name>
         <load_address>0xe60</load_address>
         <run_address>0xe60</run_address>
         <size>0x3b</size>
         <alignment>0x0</alignment>
         <input_file_ref idref="fl-29"/>
      </object_component>
      <object_component id="oc-1b5">
         <name>.debug_abbrev</name>
         <load_address>0xe9b</load_address>
         <run_address>0xe9b</run_address>
         <size>0x4b</size>
         <alignment>0x0</alignment>
         <input_file_ref idref="fl-2a"/>
      </object_component>
      <object_component id="oc-1f6">
         <name>.debug_abbrev</name>
         <load_address>0xee6</load_address>
         <run_address>0xee6</run_address>
         <size>0x1c</size>
         <alignment>0x0</alignment>
         <input_file_ref idref="fl-2a"/>
      </object_component>
      <object_component id="oc-1ff">
         <name>.debug_abbrev</name>
         <load_address>0xf02</load_address>
         <run_address>0xf02</run_address>
         <size>0x71</size>
         <alignment>0x0</alignment>
         <input_file_ref idref="fl-2b"/>
      </object_component>
      <object_component id="oc-221">
         <name>.debug_abbrev</name>
         <load_address>0xf73</load_address>
         <run_address>0xf73</run_address>
         <size>0xb3</size>
         <alignment>0x0</alignment>
         <input_file_ref idref="fl-2b"/>
      </object_component>
      <object_component id="oc-112">
         <name>.debug_abbrev</name>
         <load_address>0x1026</load_address>
         <run_address>0x1026</run_address>
         <size>0x5f</size>
         <alignment>0x0</alignment>
         <input_file_ref idref="fl-2c"/>
      </object_component>
      <object_component id="oc-174">
         <name>.debug_abbrev</name>
         <load_address>0x1085</load_address>
         <run_address>0x1085</run_address>
         <size>0x44</size>
         <alignment>0x0</alignment>
         <input_file_ref idref="fl-2c"/>
      </object_component>
      <object_component id="oc-ba">
         <name>.debug_abbrev</name>
         <load_address>0x10c9</load_address>
         <run_address>0x10c9</run_address>
         <size>0x6d</size>
         <alignment>0x0</alignment>
         <input_file_ref idref="fl-2d"/>
      </object_component>
      <object_component id="oc-10f">
         <name>.debug_abbrev</name>
         <load_address>0x1136</load_address>
         <run_address>0x1136</run_address>
         <size>0x44</size>
         <alignment>0x0</alignment>
         <input_file_ref idref="fl-2d"/>
      </object_component>
      <object_component id="oc-b2">
         <name>.debug_abbrev</name>
         <load_address>0x117a</load_address>
         <run_address>0x117a</run_address>
         <size>0x5f</size>
         <alignment>0x0</alignment>
         <input_file_ref idref="fl-2e"/>
      </object_component>
      <object_component id="oc-10a">
         <name>.debug_abbrev</name>
         <load_address>0x11d9</load_address>
         <run_address>0x11d9</run_address>
         <size>0x44</size>
         <alignment>0x0</alignment>
         <input_file_ref idref="fl-2e"/>
      </object_component>
      <object_component id="oc-211">
         <name>.debug_abbrev</name>
         <load_address>0x121d</load_address>
         <run_address>0x121d</run_address>
         <size>0x28</size>
         <alignment>0x0</alignment>
         <input_file_ref idref="fl-2f"/>
      </object_component>
      <object_component id="oc-1ef">
         <name>.debug_abbrev</name>
         <load_address>0x1245</load_address>
         <run_address>0x1245</run_address>
         <size>0xa0</size>
         <alignment>0x0</alignment>
         <input_file_ref idref="fl-2f"/>
      </object_component>
      <object_component id="oc-21c">
         <name>.debug_abbrev</name>
         <load_address>0x12e5</load_address>
         <run_address>0x12e5</run_address>
         <size>0x57</size>
         <alignment>0x0</alignment>
         <input_file_ref idref="fl-2f"/>
      </object_component>
      <object_component id="oc-219">
         <name>.debug_abbrev</name>
         <load_address>0x133c</load_address>
         <run_address>0x133c</run_address>
         <size>0x28</size>
         <alignment>0x0</alignment>
         <input_file_ref idref="fl-30"/>
      </object_component>
      <object_component id="oc-233">
         <name>.debug_abbrev</name>
         <load_address>0x1364</load_address>
         <run_address>0x1364</run_address>
         <size>0x28</size>
         <alignment>0x0</alignment>
         <input_file_ref idref="fl-30"/>
      </object_component>
      <object_component id="oc-229">
         <name>.debug_abbrev</name>
         <load_address>0x138c</load_address>
         <run_address>0x138c</run_address>
         <size>0x5f</size>
         <alignment>0x0</alignment>
         <input_file_ref idref="fl-30"/>
      </object_component>
      <object_component id="oc-22a">
         <name>.debug_abbrev</name>
         <load_address>0x13eb</load_address>
         <run_address>0x13eb</run_address>
         <size>0x3a</size>
         <alignment>0x0</alignment>
         <input_file_ref idref="fl-30"/>
      </object_component>
      <object_component id="oc-1e7">
         <name>.debug_abbrev</name>
         <load_address>0x1425</load_address>
         <run_address>0x1425</run_address>
         <size>0x64</size>
         <alignment>0x0</alignment>
         <input_file_ref idref="fl-31"/>
      </object_component>
      <object_component id="oc-20e">
         <name>.debug_abbrev</name>
         <load_address>0x1489</load_address>
         <run_address>0x1489</run_address>
         <size>0x79</size>
         <alignment>0x0</alignment>
         <input_file_ref idref="fl-31"/>
      </object_component>
      <object_component id="oc-10d">
         <name>.debug_abbrev</name>
         <load_address>0x1502</load_address>
[...]
         <value>0x14e</value>
      </symbol>
      <symbol id="sm-6">
         <name>__TI_STACK_SIZE</name>
         <value>0x100</value>
      </symbol>
      <symbol id="sm-7">
         <name>__TI_STACK_END</name>
         <value>0x500</value>
      </symbol>
      <symbol id="sm-8">
         <name>__c_args__</name>
         <value>0xffffffff</value>
      </symbol>
      <symbol id="sm-9">
         <name>__TI_pprof_out_hndl</name>
         <value>0xffffffff</value>
      </symbol>
      <symbol id="sm-a">
         <name>__TI_prof_data_start</name>
         <value>0xffffffff</value>
      </symbol>
      <symbol id="sm-b">
         <name>__TI_prof_data_size</name>
         <value>0xffffffff</value>
      </symbol>
      <symbol id="sm-102">
         <name>ClkCfgRegs</name>
         <value>0x5d200</value>
         <object_component_ref idref="oc-154"/>
      </symbol>
      <symbol id="sm-103">
         <name>DcsmZ1Regs</name>
         <value>0x5f000</value>
         <object_component_ref idref="oc-15d"/>
      </symbol>
      <symbol id="sm-104">
         <name>CpuTimer2Regs</name>
         <value>0xc10</value>
         <object_component_ref idref="oc-15a"/>
      </symbol>
      <symbol id="sm-105">
         <name>PieVectTable</name>
         <value>0xd00</value>
         <object_component_ref idref="oc-104"/>
      </symbol>
      <symbol id="sm-106">
         <name>EPwm4Regs</name>
         <value>0x4300</value>
         <object_component_ref idref="oc-d7"/>
      </symbol>
      <symbol id="sm-107">
         <name>GpioCtrlRegs</name>
         <value>0x7c00</value>
         <object_component_ref idref="oc-165"/>
      </symbol>
      <symbol id="sm-108">
         <name>CpuSysRegs</name>
         <value>0x5d300</value>
         <object_component_ref idref="oc-101"/>
      </symbol>
      <symbol id="sm-109">
         <name>CpuTimer1Regs</name>
         <value>0xc08</value>
         <object_component_ref idref="oc-157"/>
      </symbol>
      <symbol id="sm-10a">
         <name>DevCfgRegs</name>
         <value>0x5d000</value>
         <object_component_ref idref="oc-148"/>
      </symbol>
      <symbol id="sm-10b">
         <name>AdcaResultRegs</name>
         <value>0xb00</value>
         <object_component_ref idref="oc-d1"/>
      </symbol>
      <symbol id="sm-10c">
         <name>FlashPumpSemaphoreRegs</name>
         <value>0x50024</value>
         <object_component_ref idref="oc-14e"/>
      </symbol>
      <symbol id="sm-10d">
         <name>PieCtrlRegs</name>
         <value>0xce0</value>
         <object_component_ref idref="oc-dd"/>
      </symbol>
      <symbol id="sm-10e">
         <name>WdRegs</name>
         <value>0x7000</value>
         <object_component_ref idref="oc-151"/>
      </symbol>
      <symbol id="sm-10f">
         <name>GpioDataRegs</name>
         <value>0x7f00</value>
         <object_component_ref idref="oc-ce"/>
      </symbol>
      <symbol id="sm-110">
         <name>InputXbarRegs</name>
         <value>0x7900</value>
         <object_component_ref idref="oc-190"/>
      </symbol>
      <symbol id="sm-111">
         <name>DcsmZ2Regs</name>
         <value>0x5f040</value>
         <object_component_ref idref="oc-160"/>
      </symbol>
      <symbol id="sm-112">
         <name>AnalogSubsysRegs</name>
         <value>0x5d180</value>
         <object_component_ref idref="oc-14b"/>
      </symbol>
      <symbol id="sm-113">
         <name>AdcaRegs</name>
         <value>0x7400</value>
         <object_component_ref idref="oc-da"/>
      </symbol>
      <symbol id="sm-136">
         <name>GPIO_SetupPinMux</name>
         <value>0xb4fb</value>
         <object_component_ref idref="oc-132"/>
      </symbol>
      <symbol id="sm-137">
         <name>GPIO_SetupLock</name>
         <value>0xb61b</value>
         <object_component_ref idref="oc-132"/>
      </symbol>
      <symbol id="sm-138">
         <name>GPIO_SetupXINT2Gpio</name>
         <value>0xb64e</value>
         <object_component_ref idref="oc-132"/>
      </symbol>
      <symbol id="sm-139">
         <name>GPIO_EnableUnbondedIOPullupsFor176Pin</name>
         <value>0xb676</value>
         <object_component_ref idref="oc-132"/>
      </symbol>
      <symbol id="sm-13a">
         <name>GPIO_SetupXINT3Gpio</name>
         <value>0xb658</value>
         <object_component_ref idref="oc-132"/>
      </symbol>
      <symbol id="sm-13b">
         <name>GPIO_WritePin</name>
         <value>0xb6e1</value>
         <object_component_ref idref="oc-132"/>
      </symbol>
      <symbol id="sm-13c">
         <name>GPIO_SetupXINT1Gpio</name>
         <value>0xb644</value>
         <object_component_ref idref="oc-132"/>
      </symbol>
      <symbol id="sm-13d">
         <name>GPIO_EnableUnbondedIOPullups</name>
         <value>0xb6b4</value>
         <object_component_ref idref="oc-132"/>
      </symbol>
      <symbol id="sm-13e">
         <name>GPIO_ReadPin</name>
         <value>0xb6ca</value>
         <object_component_ref idref="oc-132"/>
      </symbol>
      <symbol id="sm-13f">
         <name>GPIO_SetupXINT4Gpio</name>
         <value>0xb662</value>
         <object_component_ref idref="oc-132"/>
      </symbol>
      <symbol id="sm-140">
         <name>GPIO_SetupPinOptions</name>
         <value>0xb587</value>
         <object_component_ref idref="oc-132"/>
      </symbol>
      <symbol id="sm-141">
         <name>GPIO_EnableUnbondedIOPullupsFor100Pin</name>
         <value>0xb68f</value>
         <object_component_ref idref="oc-132"/>
      </symbol>
      <symbol id="sm-142">
         <name>GPIO_SetupXINT5Gpio</name>
         <value>0xb66c</value>
         <object_component_ref idref="oc-132"/>
      </symbol>
      <symbol id="sm-143">
         <name>InitGpio</name>
         <value>0xb4bb</value>
         <object_component_ref idref="oc-132"/>
      </symbol>
      <symbol id="sm-18a">
         <name>DisablePeripheralClocks</name>
         <value>0xb0a4</value>
         <object_component_ref idref="oc-f5"/>
      </symbol>
      <symbol id="sm-18b">
         <name>STANDBY</name>
         <value>0xb45d</value>
         <object_component_ref idref="oc-f5"/>
      </symbol>
      <symbol id="sm-18c">
         <name>InitPeripheralClocks</name>
         <value>0xb020</value>
         <object_component_ref idref="oc-f5"/>
      </symbol>
      <symbol id="sm-18d">
         <name>SysIntOsc1Sel</name>
         <value>0xb400</value>
         <object_component_ref idref="oc-f5"/>
      </symbol>
      <symbol id="sm-18e">
         <name>SysXtalOscSel</name>
         <value>0xb424</value>
         <object_component_ref idref="oc-f5"/>
      </symbol>
      <symbol id="sm-18f">
         <name>ServiceDog</name>
         <value>0xb0d5</value>
         <object_component_ref idref="oc-f5"/>
      </symbol>
      <symbol id="sm-190">
         <name>CsmUnlock</name>
         <value>0xb3df</value>
         <object_component_ref idref="oc-f5"/>
      </symbol>
      <symbol id="sm-191">
         <name>AuxIntOsc2Sel</name>
         <value>0xb434</value>
         <object_component_ref idref="oc-f5"/>
      </symbol>
      <symbol id="sm-192">
         <name>ConfigureTMXAnalogTrim</name>
         <value>0xb49e</value>
         <object_component_ref idref="oc-f5"/>
      </symbol>
      <symbol id="sm-193">
         <name>InitSysCtrl</name>
         <value>0xb000</value>
         <object_component_ref idref="oc-f5"/>
      </symbol>
      <symbol id="sm-194">
         <name>InitAuxPll</name>
         <value>0xb2f0</value>
         <object_component_ref idref="oc-f5"/>
      </symbol>
      <symbol id="sm-195">
         <name>DisableDog</name>
         <value>0xb0e3</value>
         <object_component_ref idref="oc-f5"/>
      </symbol>
      <symbol id="sm-196">
         <name>IDLE</name>
         <value>0xb454</value>
         <object_component_ref idref="oc-f5"/>
      </symbol>
      <symbol id="sm-197">
         <name>HALT</name>
         <value>0xb468</value>
         <object_component_ref idref="oc-f5"/>
      </symbol>
      <symbol id="sm-198">
         <name>AuxAuxClkSel</name>
         <value>0xb44a</value>
         <object_component_ref idref="oc-f5"/>
      </symbol>
      <symbol id="sm-199">
         <name>HIB</name>
         <value>0xb481</value>
         <object_component_ref idref="oc-f5"/>
      </symbol>
      <symbol id="sm-19a">
         <name>AuxXtalOscSel</name>
         <value>0xb43e</value>
         <object_component_ref idref="oc-f5"/>
      </symbol>
      <symbol id="sm-19b">
         <name>InitSysPll</name>
         <value>0xb0f1</value>
         <object_component_ref idref="oc-f5"/>
      </symbol>
      <symbol id="sm-19c">
         <name>SysIntOsc2Sel</name>
         <value>0xb410</value>
         <object_component_ref idref="oc-f5"/>
      </symbol>
      <symbol id="sm-19d">
         <name>ReleaseFlashPump</name>
         <value>0xb0cb</value>
         <object_component_ref idref="oc-f5"/>
      </symbol>
      <symbol id="sm-19e">
         <name>SeizeFlashPump</name>
         <value>0xb0bc</value>
         <object_component_ref idref="oc-f5"/>
      </symbol>
      <symbol id="sm-1ae">
         <name>Setup_PWM1</name>
         <value>0xb71f</value>
         <object_component_ref idref="oc-fb"/>
      </symbol>
      <symbol id="sm-1af">
         <name>Setup_ADC</name>
         <value>0xb798</value>
         <object_component_ref idref="oc-fb"/>
      </symbol>
      <symbol id="sm-1b0">
         <name>Setup_GPIO</name>
         <value>0xb6ff</value>
         <object_component_ref idref="oc-fb"/>
      </symbol>
      <symbol id="sm-1db">
         <name>uIk_IL</name>
         <value>0xa81e</value>
         <object_component_ref idref="oc-d4"/>
      </symbol>
      <symbol id="sm-1dc">
         <name>adc_sample</name>
         <value>0xa800</value>
         <object_component_ref idref="oc-d4"/>
      </symbol>
      <symbol id="sm-1dd">
         <name>V_ref</name>
         <value>0xa83c</value>
         <object_component_ref idref="oc-d4"/>
      </symbol>
      <symbol id="sm-1de">
         <name>Kp_Vo</name>
         <value>0xa812</value>
         <object_component_ref idref="oc-d4"/>
      </symbol>
      <symbol id="sm-1df">
         <name>isr_adc</name>
         <value>0x8000</value>
         <object_component_ref idref="oc-a5"/>
      </symbol>
      <symbol id="sm-1e0">
         <name>U_IL</name>
         <value>0xa826</value>
         <object_component_ref idref="oc-d4"/>
      </symbol>
      <symbol id="sm-1e1">
         <name>Umax_Vo</name>
         <value>0xa82a</value>
         <object_component_ref idref="oc-d4"/>
      </symbol>
      <symbol id="sm-1e2">
         <name>v1_IL</name>
         <value>0xa81a</value>
         <object_component_ref idref="oc-d4"/>
      </symbol>
      <symbol id="sm-1e3">
         <name>Umin_IL</name>
         <value>0xa816</value>
         <object_component_ref idref="oc-d4"/>
      </symbol>
      <symbol id="sm-1e4">
         <name>uP_Vo</name>
         <value>0xa834</value>
         <object_component_ref idref="oc-d4"/>
      </symbol>
      <symbol id="sm-1e5">
         <name>w1_IL</name>
         <value>0xa820</value>
         <object_component_ref idref="oc-d4"/>
      </symbol>
      <symbol id="sm-1e6">
         <name>vo</name>
         <value>0xa80a</value>
         <object_component_ref idref="oc-d4"/>
      </symbol>
      <symbol id="sm-1e7">
         <name>f</name>
         <value>0xa80c</value>
         <object_component_ref idref="oc-d4"/>
      </symbol>
      <symbol id="sm-1e8">
         <name>U</name>
         <value>0xa83a</value>
         <object_component_ref idref="oc-d4"/>
      </symbol>
      <symbol id="sm-1e9">
         <name>I_ref</name>
         <value>0xa83e</value>
         <object_component_ref idref="oc-d4"/>
      </symbol>
      <symbol id="sm-1ea">
         <name>Ki_Vo</name>
         <value>0xa814</value>
         <object_component_ref idref="oc-d4"/>
      </symbol>
      <symbol id="sm-1eb">
         <name>ek_Vo</name>
         <value>0xa836</value>
         <object_component_ref idref="oc-d4"/>
      </symbol>
      <symbol id="sm-1ec">
         <name>uIk1_Vo</name>
         <value>0xa82e</value>
         <object_component_ref idref="oc-d4"/>
      </symbol>
      <symbol id="sm-1ed">
         <name>Kp_IL</name>
         <value>0xa80e</value>
         <object_component_ref idref="oc-d4"/>
      </symbol>
      <symbol id="sm-1ee">
         <name>main</name>
         <value>0x83d3</value>
         <object_component_ref idref="oc-a6"/>
      </symbol>
      <symbol id="sm-1ef">
         <name>uP_IL</name>
         <value>0xa822</value>
         <object_component_ref idref="oc-d4"/>
      </symbol>
      <symbol id="sm-1f0">
         <name>Umax_IL</name>
         <value>0xa818</value>
         <object_component_ref idref="oc-d4"/>
      </symbol>
      <symbol id="sm-1f1">
         <name>il</name>
         <value>0xa808</value>
         <object_component_ref idref="oc-d4"/>
      </symbol>
      <symbol id="sm-1f2">
         <name>Ki_IL</name>
         <value>0xa810</value>
         <object_component_ref idref="oc-d4"/>
      </symbol>
      <symbol id="sm-1f3">
         <name>ek_IL</name>
         <value>0xa824</value>
         <object_component_ref idref="oc-d4"/>
      </symbol>
      <symbol id="sm-1f4">
         <name>malha_anterior</name>
         <value>0xa804</value>
         <object_component_ref idref="oc-d4"/>
      </symbol>
      <symbol id="sm-1f5">
         <name>Umin_Vo</name>
         <value>0xa828</value>
         <object_component_ref idref="oc-d4"/>
      </symbol>
      <symbol id="sm-1f6">
         <name>count</name>
         <value>0xa806</value>
         <object_component_ref idref="oc-d4"/>
      </symbol>
      <symbol id="sm-1f7">
         <name>U_Vo</name>
         <value>0xa838</value>
         <object_component_ref idref="oc-d4"/>
      </symbol>
      <symbol id="sm-1f8">
         <name>adc_sample2</name>
         <value>0xa802</value>
         <object_component_ref idref="oc-d4"/>
      </symbol>
      <symbol id="sm-1f9">
         <name>adc_sample1</name>
         <value>0xa801</value>
         <object_component_ref idref="oc-d4"/>
      </symbol>
      <symbol id="sm-1fa">
         <name>v1_Vo</name>
         <value>0xa82c</value>
         <object_component_ref idref="oc-d4"/>
      </symbol>
      <symbol id="sm-1fb">
         <name>uIk_Vo</name>
         <value>0xa830</value>
         <object_component_ref idref="oc-d4"/>
      </symbol>
      <symbol id="sm-1fc">
         <name>uIk1_IL</name>
         <value>0xa81c</value>
         <object_component_ref idref="oc-d4"/>
      </symbol>
      <symbol id="sm-1fd">
         <name>malha</name>
         <value>0xa803</value>
         <object_component_ref idref="oc-d4"/>
      </symbol>
      <symbol id="sm-1fe">
         <name>w1_Vo</name>
         <value>0xa832</value>
         <object_component_ref idref="oc-d4"/>
      </symbol>
      <symbol id="sm-20d">
         <name>code_start</name>
         <value>0x0</value>
         <object_component_ref idref="oc-a0"/>
      </symbol>
      <symbol id="sm-21a">
         <name>_c_int00</name>
         <value>0x84af</value>
         <object_component_ref idref="oc-11b"/>
      </symbol>
      <symbol id="sm-21b">
         <name>__stack</name>
         <value>0x400</value>
         <object_component_ref idref="oc-b1"/>
      </symbol>
      <symbol id="sm-232">
         <name>__c28xabi_addd</name>
         <value>0x81d3</value>
         <object_component_ref idref="oc-eb"/>
      </symbol>
      <symbol id="sm-23e">
         <name>__c28xabi_cmpd</name>
         <value>0x83fd</value>
         <object_component_ref idref="oc-143"/>
      </symbol>
      <symbol id="sm-24c">
         <name>__c28xabi_mpyd</name>
         <value>0x82f7</value>
         <object_component_ref idref="oc-e6"/>
      </symbol>
      <symbol id="sm-259">
         <name>__c28xabi_divf</name>
         <value>0x826f</value>
         <object_component_ref idref="oc-138"/>
      </symbol>
      <symbol id="sm-267">
         <name>__c28xabi_utod</name>
         <value>0x84c6</value>
         <object_component_ref idref="oc-e0"/>
      </symbol>
      <symbol id="sm-273">
         <name>__c28xabi_ftod</name>
         <value>0x8493</value>
         <object_component_ref idref="oc-13d"/>
      </symbol>
      <symbol id="sm-27f">
         <name>__c28xabi_dtof</name>
         <value>0x8450</value>
         <object_component_ref idref="oc-f0"/>
      </symbol>
      <symbol id="sm-28c">
         <name>_system_pre_init</name>
         <value>0xb7fe</value>
         <object_component_ref idref="oc-179"/>
      </symbol>
      <symbol id="sm-29b">
         <name>__TI_auto_init_nobinit_nopinit</name>
         <value>0x83a8</value>
         <object_component_ref idref="oc-1b7"/>
      </symbol>
      <symbol id="sm-2aa">
         <name>__TI_zero_init_nomemset</name>
         <value>0x84ef</value>
         <object_component_ref idref="oc-bc"/>
      </symbol>
      <symbol id="sm-2b7">
         <name>__TI_decompress_none</name>
         <value>0x8504</value>
         <object_component_ref idref="oc-99"/>
      </symbol>
      <symbol id="sm-2cb">
         <name>__TI_decompress_lzss</name>
         <value>0x837a</value>
         <object_component_ref idref="oc-93"/>
      </symbol>
      <symbol id="sm-2e1">
         <name>C$$EXIT</name>
         <value>0x8427</value>
         <object_component_ref idref="oc-186"/>
      </symbol>
      <symbol id="sm-2e2">
         <name>abort</name>
         <value>0x8427</value>
         <object_component_ref idref="oc-186"/>
      </symbol>
      <symbol id="sm-2e3">
         <name>exit</name>
         <value>0x8429</value>
         <object_component_ref idref="oc-186"/>
      </symbol>
      <symbol id="sm-2e4">
         <name>__TI_dtors_ptr</name>
         <value>0xa844</value>
         <object_component_ref idref="oc-1e9"/>
      </symbol>
      <symbol id="sm-2e5">
         <name>__TI_cleanup_ptr</name>
         <value>0xa842</value>
         <object_component_ref idref="oc-1e9"/>
      </symbol>
      <symbol id="sm-2e6">
         <name>__TI_enable_exit_profile_output</name>
         <value>0xa840</value>
         <object_component_ref idref="oc-1e9"/>
      </symbol>
      <symbol id="sm-2fd">
         <name>_nop</name>
         <value>0xb7fd</value>
         <object_component_ref idref="oc-213"/>
      </symbol>
      <symbol id="sm-2fe">
         <name>_lock</name>
         <value>0xa846</value>
         <object_component_ref idref="oc-1ec"/>
      </symbol>
      <symbol id="sm-2ff">
         <name>_unlock</name>
         <value>0xa848</value>
         <object_component_ref idref="oc-226"/>
      </symbol>
      <symbol id="sm-300">
         <name>_register_lock</name>
         <value>0xb7f9</value>
         <object_component_ref idref="oc-213"/>
      </symbol>
      <symbol id="sm-301">
         <name>_register_unlock</name>
         <value>0xb7f5</value>
         <object_component_ref idref="oc-213"/>
      </symbol>
      <symbol id="sm-310">
         <name>_args_main</name>
         <value>0x84dd</value>
         <object_component_ref idref="oc-180"/>
      </symbol>
      <symbol id="sm-324">
         <name>memcpy</name>
         <value>0x8473</value>
         <object_component_ref idref="oc-b4"/>
      </symbol>
      <symbol id="sm-331">
         <name>_system_post_cinit</name>
         <value>0x850c</value>
         <object_component_ref idref="oc-1f9"/>
      </symbol>
      <symbol id="sm-333">
         <name>AdcSetMode</name>
         <value>0x0</value>
      </symbol>
      <symbol id="sm-334">
         <name>InitPieCtrl</name>
         <value>0x0</value>
      </symbol>
      <symbol id="sm-335">
         <name>InitPieVectTable</name>
         <value>0x0</value>
      </symbol>
   </symbol_table>
   <title>Link errors: red sections failed placement</title>
</link_info>
